Archive member included to satisfy reference by file (symbol)

/opt/eclipse-cpp/plugins/fr.ac6.mcu.externaltools.arm-none.linux64_1.17.0.201812190825/tools/compiler/bin/../lib/gcc/arm-none-eabi/7.3.1/thumb/v7e-m/fpv4-sp/hard/libgcc.a(_aeabi_uldivmod.o)
                              Drivers/STM32F4xx_HAL_Driver/stm32f4xx_hal_rcc.o (__aeabi_uldivmod)
/opt/eclipse-cpp/plugins/fr.ac6.mcu.externaltools.arm-none.linux64_1.17.0.201812190825/tools/compiler/bin/../lib/gcc/arm-none-eabi/7.3.1/thumb/v7e-m/fpv4-sp/hard/libgcc.a(_udivmoddi4.o)
                              /opt/eclipse-cpp/plugins/fr.ac6.mcu.externaltools.arm-none.linux64_1.17.0.201812190825/tools/compiler/bin/../lib/gcc/arm-none-eabi/7.3.1/thumb/v7e-m/fpv4-sp/hard/libgcc.a(_aeabi_uldivmod.o) (__udivmoddi4)
/opt/eclipse-cpp/plugins/fr.ac6.mcu.externaltools.arm-none.linux64_1.17.0.201812190825/tools/compiler/bin/../lib/gcc/arm-none-eabi/7.3.1/thumb/v7e-m/fpv4-sp/hard/libgcc.a(_dvmd_tls.o)
                              /opt/eclipse-cpp/plugins/fr.ac6.mcu.externaltools.arm-none.linux64_1.17.0.201812190825/tools/compiler/bin/../lib/gcc/arm-none-eabi/7.3.1/thumb/v7e-m/fpv4-sp/hard/libgcc.a(_aeabi_uldivmod.o) (__aeabi_ldiv0)
/opt/eclipse-cpp/plugins/fr.ac6.mcu.externaltools.arm-none.linux64_1.17.0.201812190825/tools/compiler/bin/../lib/gcc/arm-none-eabi/7.3.1/../../../../arm-none-eabi/lib/thumb/v7e-m/fpv4-sp/hard/libc_nano.a(lib_a-exit.o)
                              /opt/eclipse-cpp/plugins/fr.ac6.mcu.externaltools.arm-none.linux64_1.17.0.201812190825/tools/compiler/bin/../lib/gcc/arm-none-eabi/7.3.1/../../../../arm-none-eabi/lib/thumb/v7e-m/fpv4-sp/hard/crt0.o (exit)
/opt/eclipse-cpp/plugins/fr.ac6.mcu.externaltools.arm-none.linux64_1.17.0.201812190825/tools/compiler/bin/../lib/gcc/arm-none-eabi/7.3.1/../../../../arm-none-eabi/lib/thumb/v7e-m/fpv4-sp/hard/libc_nano.a(lib_a-impure.o)
                              /opt/eclipse-cpp/plugins/fr.ac6.mcu.externaltools.arm-none.linux64_1.17.0.201812190825/tools/compiler/bin/../lib/gcc/arm-none-eabi/7.3.1/../../../../arm-none-eabi/lib/thumb/v7e-m/fpv4-sp/hard/libc_nano.a(lib_a-exit.o) (_global_impure_ptr)
/opt/eclipse-cpp/plugins/fr.ac6.mcu.externaltools.arm-none.linux64_1.17.0.201812190825/tools/compiler/bin/../lib/gcc/arm-none-eabi/7.3.1/../../../../arm-none-eabi/lib/thumb/v7e-m/fpv4-sp/hard/libc_nano.a(lib_a-init.o)
                              /opt/eclipse-cpp/plugins/fr.ac6.mcu.externaltools.arm-none.linux64_1.17.0.201812190825/tools/compiler/bin/../lib/gcc/arm-none-eabi/7.3.1/../../../../arm-none-eabi/lib/thumb/v7e-m/fpv4-sp/hard/crt0.o (__libc_init_array)
/opt/eclipse-cpp/plugins/fr.ac6.mcu.externaltools.arm-none.linux64_1.17.0.201812190825/tools/compiler/bin/../lib/gcc/arm-none-eabi/7.3.1/../../../../arm-none-eabi/lib/thumb/v7e-m/fpv4-sp/hard/libc_nano.a(lib_a-memset.o)
                              /opt/eclipse-cpp/plugins/fr.ac6.mcu.externaltools.arm-none.linux64_1.17.0.201812190825/tools/compiler/bin/../lib/gcc/arm-none-eabi/7.3.1/../../../../arm-none-eabi/lib/thumb/v7e-m/fpv4-sp/hard/crt0.o (memset)
/opt/eclipse-cpp/plugins/fr.ac6.mcu.externaltools.arm-none.linux64_1.17.0.201812190825/tools/compiler/bin/../lib/gcc/arm-none-eabi/7.3.1/../../../../arm-none-eabi/lib/thumb/v7e-m/fpv4-sp/hard/libnosys.a(_exit.o)
                              /opt/eclipse-cpp/plugins/fr.ac6.mcu.externaltools.arm-none.linux64_1.17.0.201812190825/tools/compiler/bin/../lib/gcc/arm-none-eabi/7.3.1/../../../../arm-none-eabi/lib/thumb/v7e-m/fpv4-sp/hard/libc_nano.a(lib_a-exit.o) (_exit)

Allocating common symbols
Common symbol       size              file

uwTick              0x4               Drivers/STM32F4xx_HAL_Driver/stm32f4xx_hal.o
pFlash              0x20              Drivers/STM32F4xx_HAL_Driver/stm32f4xx_hal_flash.o
htim2               0x3c              Application/User/main.o

Discarded input sections

 .text          0x0000000000000000        0x0 /opt/eclipse-cpp/plugins/fr.ac6.mcu.externaltools.arm-none.linux64_1.17.0.201812190825/tools/compiler/bin/../lib/gcc/arm-none-eabi/7.3.1/thumb/v7e-m/fpv4-sp/hard/crti.o
 .data          0x0000000000000000        0x0 /opt/eclipse-cpp/plugins/fr.ac6.mcu.externaltools.arm-none.linux64_1.17.0.201812190825/tools/compiler/bin/../lib/gcc/arm-none-eabi/7.3.1/thumb/v7e-m/fpv4-sp/hard/crti.o
 .bss           0x0000000000000000        0x0 /opt/eclipse-cpp/plugins/fr.ac6.mcu.externaltools.arm-none.linux64_1.17.0.201812190825/tools/compiler/bin/../lib/gcc/arm-none-eabi/7.3.1/thumb/v7e-m/fpv4-sp/hard/crti.o
 .data          0x0000000000000000        0x4 /opt/eclipse-cpp/plugins/fr.ac6.mcu.externaltools.arm-none.linux64_1.17.0.201812190825/tools/compiler/bin/../lib/gcc/arm-none-eabi/7.3.1/thumb/v7e-m/fpv4-sp/hard/crtbegin.o
 .text          0x0000000000000000       0x74 /opt/eclipse-cpp/plugins/fr.ac6.mcu.externaltools.arm-none.linux64_1.17.0.201812190825/tools/compiler/bin/../lib/gcc/arm-none-eabi/7.3.1/../../../../arm-none-eabi/lib/thumb/v7e-m/fpv4-sp/hard/crt0.o
[...]
Memory Configuration

Name             Origin             Length             Attributes
RAM              0x0000000020000000 0x0000000000020000 xrw
CCMRAM           0x0000000010000000 0x0000000000010000 rw
FLASH            0x0000000008000000 0x0000000000100000 xr
*default*        0x0000000000000000 0xffffffffffffffff

Linker script and memory map

LOAD /opt/eclipse-cpp/plugins/fr.ac6.mcu.externaltools.arm-none.linux64_1.17.0.201812190825/tools/compiler/bin/../lib/gcc/arm-none-eabi/7.3.1/thumb/v7e-m/fpv4-sp/hard/crti.o
LOAD /opt/eclipse-cpp/plugins/fr.ac6.mcu.externaltools.arm-none.linux64_1.17.0.201812190825/tools/compiler/bin/../lib/gcc/arm-none-eabi/7.3.1/thumb/v7e-m/fpv4-sp/hard/crtbegin.o
LOAD /opt/eclipse-cpp/plugins/fr.ac6.mcu.externaltools.arm-none.linux64_1.17.0.201812190825/tools/compiler/bin/../lib/gcc/arm-none-eabi/7.3.1/../../../../arm-none-eabi/lib/thumb/v7e-m/fpv4-sp/hard/crt0.o
LOAD Application/SW4STM32/startup_stm32f407xx.o
LOAD Application/User/main.o
LOAD Application/User/stm32f4xx_hal_msp.o
LOAD Application/User/stm32f4xx_it.o
LOAD Drivers/CMSIS/system_stm32f4xx.o
LOAD Drivers/STM32F4xx_HAL_Driver/stm32f4xx_hal.o
LOAD Drivers/STM32F4xx_HAL_Driver/stm32f4xx_hal_cortex.o
LOAD Drivers/STM32F4xx_HAL_Driver/stm32f4xx_hal_dma.o
LOAD Drivers/STM32F4xx_HAL_Driver/stm32f4xx_hal_dma_ex.o
LOAD Drivers/STM32F4xx_HAL_Driver/stm32f4xx_hal_flash.o
LOAD Drivers/STM32F4xx_HAL_Driver/stm32f4xx_hal_flash_ex.o
LOAD Drivers/STM32F4xx_HAL_Driver/stm32f4xx_hal_flash_ramfunc.o
LOAD Drivers/STM32F4xx_HAL_Driver/stm32f4xx_hal_gpio.o
LOAD Drivers/STM32F4xx_HAL_Driver/stm32f4xx_hal_pwr.o
LOAD Drivers/STM32F4xx_HAL_Driver/stm32f4xx_hal_pwr_ex.o
LOAD Drivers/STM32F4xx_HAL_Driver/stm32f4xx_hal_rcc.o
LOAD Drivers/STM32F4xx_HAL_Driver/stm32f4xx_hal_rcc_ex.o
LOAD Drivers/STM32F4xx_HAL_Driver/stm32f4xx_hal_tim.o
LOAD Drivers/STM32F4xx_HAL_Driver/stm32f4xx_hal_tim_ex.o
LOAD /opt/eclipse-cpp/plugins/fr.ac6.mcu.externaltools.arm-none.linux64_1.17.0.201812190825/tools/compiler/bin/../lib/gcc/arm-none-eabi/7.3.1/../../../../arm-none-eabi/lib/thumb/v7e-m/fpv4-sp/hard/libm.a
START GROUP
LOAD /opt/eclipse-cpp/plugins/fr.ac6.mcu.externaltools.arm-none.linux64_1.17.0.201812190825/tools/compiler/bin/../lib/gcc/arm-none-eabi/7.3.1/thumb/v7e-m/fpv4-sp/hard/libgcc.a
LOAD /opt/eclipse-cpp/plugins/fr.ac6.mcu.externaltools.arm-none.linux64_1.17.0.201812190825/tools/compiler/bin/../lib/gcc/arm-none-eabi/7.3.1/../../../../arm-none-eabi/lib/thumb/v7e-m/fpv4-sp/hard/libc_nano.a
END GROUP
START GROUP
LOAD /opt/eclipse-cpp/plugins/fr.ac6.mcu.externaltools.arm-none.linux64_1.17.0.201812190825/tools/compiler/bin/../lib/gcc/arm-none-eabi/7.3.1/thumb/v7e-m/fpv4-sp/hard/libgcc.a
LOAD /opt/eclipse-cpp/plugins/fr.ac6.mcu.externaltools.arm-none.linux64_1.17.0.201812190825/tools/compiler/bin/../lib/gcc/arm-none-eabi/7.3.1/../../../../arm-none-eabi/lib/thumb/v7e-m/fpv4-sp/hard/libc_nano.a
LOAD /opt/eclipse-cpp/plugins/fr.ac6.mcu.externaltools.arm-none.linux64_1.17.0.201812190825/tools/compiler/bin/../lib/gcc/arm-none-eabi/7.3.1/../../../../arm-none-eabi/lib/thumb/v7e-m/fpv4-sp/hard/libnosys.a
END GROUP
START GROUP
LOAD /opt/eclipse-cpp/plugins/fr.ac6.mcu.externaltools.arm-none.linux64_1.17.0.201812190825/tools/compiler/bin/../lib/gcc/arm-none-eabi/7.3.1/thumb/v7e-m/fpv4-sp/hard/libgcc.a
LOAD /opt/eclipse-cpp/plugins/fr.ac6.mcu.externaltools.arm-none.linux64_1.17.0.201812190825/tools/compiler/bin/../lib/gcc/arm-none-eabi/7.3.1/../../../../arm-none-eabi/lib/thumb/v7e-m/fpv4-sp/hard/libc_nano.a
LOAD /opt/eclipse-cpp/plugins/fr.ac6.mcu.externaltools.arm-none.linux64_1.17.0.201812190825/tools/compiler/bin/../lib/gcc/arm-none-eabi/7.3.1/../../../../arm-none-eabi/lib/thumb/v7e-m/fpv4-sp/hard/libnosys.a
END GROUP
LOAD /opt/eclipse-cpp/plugins/fr.ac6.mcu.externaltools.arm-none.linux64_1.17.0.201812190825/tools/compiler/bin/../lib/gcc/arm-none-eabi/7.3.1/thumb/v7e-m/fpv4-sp/hard/crtend.o
LOAD /opt/eclipse-cpp/plugins/fr.ac6.mcu.externaltools.arm-none.linux64_1.17.0.201812190825/tools/compiler/bin/../lib/gcc/arm-none-eabi/7.3.1/thumb/v7e-m/fpv4-sp/hard/crtn.o
                0x0000000020020000                _estack = 0x20020000
                0x0000000000000200                _Min_Heap_Size = 0x200
                0x0000000000000400                _Min_Stack_Size = 0x400

.isr_vector     0x0000000008000000      0x188
                0x0000000008000000                . = ALIGN (0x4)
 *(.isr_vector)
 .isr_vector    0x0000000008000000      0x188 Application/SW4STM32/startup_stm32f407xx.o
                0x0000000008000000                g_pfnVectors
                0x0000000008000188                . = ALIGN (0x4)

.text           0x0000000008000188     0x14c4
                0x0000000008000188                . = ALIGN (0x4)
 *(.text)
 .text          0x0000000008000188       0x40 /opt/eclipse-cpp/plugins/fr.ac6.mcu.externaltools.arm-none.linux64_1.17.0.201812190825/tools/compiler/bin/../lib/gcc/arm-none-eabi/7.3.1/thumb/v7e-m/fpv4-sp/hard/crtbegin.o
 .text          0x00000000080001c8       0x30 /opt/eclipse-cpp/plugins/fr.ac6.mcu.externaltools.arm-none.linux64_1.17.0.201812190825/tools/compiler/bin/../lib/gcc/arm-none-eabi/7.3.1/thumb/v7e-m/fpv4-sp/hard/libgcc.a(_aeabi_uldivmod.o)
                0x00000000080001c8                __aeabi_uldivmod
 .text          0x00000000080001f8      0x2cc /opt/eclipse-cpp/plugins/fr.ac6.mcu.externaltools.arm-none.linux64_1.17.0.201812190825/tools/compiler/bin/../lib/gcc/arm-none-eabi/7.3.1/thumb/v7e-m/fpv4-sp/hard/libgcc.a(_udivmoddi4.o)
                0x00000000080001f8                __udivmoddi4
 .text          0x00000000080004c4        0x4 /opt/eclipse-cpp/plugins/fr.ac6.mcu.externaltools.arm-none.linux64_1.17.0.201812190825/tools/compiler/bin/../lib/gcc/arm-none-eabi/7.3.1/thumb/v7e-m/fpv4-sp/hard/libgcc.a(_dvmd_tls.o)
                0x00000000080004c4                __aeabi_ldiv0
                0x00000000080004c4                __aeabi_idiv0
 *(.text*)
 .text.Reset_Handler
                0x00000000080004c8       0x50 Application/SW4STM32/startup_stm32f407xx.o
                0x00000000080004c8                Reset_Handler
 .text.Default_Handler
                0x0000000008000518        0x2 Application/SW4STM32/startup_stm32f407xx.o
                0x0000000008000518                RTC_Alarm_IRQHandler
                0x0000000008000518                HASH_RNG_IRQHandler
                0x0000000008000518                EXTI2_IRQHandler
                0x0000000008000518                TIM8_CC_IRQHandler
                0x0000000008000518                TIM1_CC_IRQHandler
                0x0000000008000518                DMA2_Stream5_IRQHandler
                0x0000000008000518                DMA1_Stream5_IRQHandler
                0x0000000008000518                PVD_IRQHandler
                0x0000000008000518                SDIO_IRQHandler
                0x0000000008000518                TAMP_STAMP_IRQHandler
                0x0000000008000518                CAN2_RX1_IRQHandler
                0x0000000008000518                EXTI3_IRQHandler
                0x0000000008000518                TIM8_TRG_COM_TIM14_IRQHandler
                0x0000000008000518                TIM1_UP_TIM10_IRQHandler
                0x0000000008000518                TIM8_UP_TIM13_IRQHandler
                0x0000000008000518                I2C3_ER_IRQHandler
                0x0000000008000518                EXTI0_IRQHandler
                0x0000000008000518                I2C2_EV_IRQHandler
                0x0000000008000518                DMA1_Stream2_IRQHandler
                0x0000000008000518                CAN1_RX0_IRQHandler
                0x0000000008000518                FPU_IRQHandler
                0x0000000008000518                OTG_HS_WKUP_IRQHandler
                0x0000000008000518                CAN2_SCE_IRQHandler
                0x0000000008000518                DMA2_Stream2_IRQHandler
                0x0000000008000518                SPI1_IRQHandler
                0x0000000008000518                TIM6_DAC_IRQHandler
                0x0000000008000518                TIM1_BRK_TIM9_IRQHandler
                0x0000000008000518                DCMI_IRQHandler
                0x0000000008000518                CAN2_RX0_IRQHandler
                0x0000000008000518                DMA2_Stream3_IRQHandler
                0x0000000008000518                USART6_IRQHandler
                0x0000000008000518                USART3_IRQHandler
                0x0000000008000518                CAN1_RX1_IRQHandler
                0x0000000008000518                UART5_IRQHandler
                0x0000000008000518                DMA2_Stream0_IRQHandler
                0x0000000008000518                TIM4_IRQHandler
                0x0000000008000518                I2C1_EV_IRQHandler
                0x0000000008000518                DMA1_Stream6_IRQHandler
                0x0000000008000518                DMA1_Stream1_IRQHandler
                0x0000000008000518                UART4_IRQHandler
                0x0000000008000518                TIM3_IRQHandler
                0x0000000008000518                RCC_IRQHandler
                0x0000000008000518                TIM8_BRK_TIM12_IRQHandler
                0x0000000008000518                Default_Handler
                0x0000000008000518                EXTI15_10_IRQHandler
                0x0000000008000518                ADC_IRQHandler
                0x0000000008000518                DMA1_Stream7_IRQHandler
                0x0000000008000518                TIM7_IRQHandler
                0x0000000008000518                CAN2_TX_IRQHandler
                0x0000000008000518                TIM5_IRQHandler
                0x0000000008000518                DMA2_Stream7_IRQHandler
                0x0000000008000518                I2C3_EV_IRQHandler
                0x0000000008000518                EXTI9_5_IRQHandler
                0x0000000008000518                RTC_WKUP_IRQHandler
                0x0000000008000518                ETH_WKUP_IRQHandler
                0x0000000008000518                SPI2_IRQHandler
                0x0000000008000518                OTG_HS_EP1_IN_IRQHandler
                0x0000000008000518                DMA1_Stream0_IRQHandler
                0x0000000008000518                CAN1_TX_IRQHandler
                0x0000000008000518                EXTI4_IRQHandler
                0x0000000008000518                FSMC_IRQHandler
                0x0000000008000518                ETH_IRQHandler
                0x0000000008000518                OTG_HS_EP1_OUT_IRQHandler
                0x0000000008000518                WWDG_IRQHandler
                0x0000000008000518                OTG_FS_WKUP_IRQHandler
                0x0000000008000518                TIM1_TRG_COM_TIM11_IRQHandler
                0x0000000008000518                OTG_HS_IRQHandler
                0x0000000008000518                EXTI1_IRQHandler
                0x0000000008000518                USART2_IRQHandler
                0x0000000008000518                I2C2_ER_IRQHandler
                0x0000000008000518                DMA2_Stream1_IRQHandler
                0x0000000008000518                CAN1_SCE_IRQHandler
                0x0000000008000518                FLASH_IRQHandler
                0x0000000008000518                DMA2_Stream4_IRQHandler
                0x0000000008000518                USART1_IRQHandler
                0x0000000008000518                OTG_FS_IRQHandler
                0x0000000008000518                SPI3_IRQHandler
                0x0000000008000518                DMA1_Stream4_IRQHandler
                0x0000000008000518                I2C1_ER_IRQHandler
                0x0000000008000518                DMA2_Stream6_IRQHandler
                0x0000000008000518                DMA1_Stream3_IRQHandler
 *fill*         0x000000000800051a        0x2 
 .text.MX_GPIO_Init
                0x000000000800051c       0x64 Application/User/main.o
 .text.HAL_TIM_PeriodElapsedCallback
                0x0000000008000580       0x24 Application/User/main.o
                0x0000000008000580                HAL_TIM_PeriodElapsedCallback
 .text._Error_Handler
                0x00000000080005a4        0x2 Application/User/main.o
                0x00000000080005a4                _Error_Handler
 *fill*         0x00000000080005a6        0x2 
 .text.MX_TIM2_Init
                0x00000000080005a8       0x6c Application/User/main.o
 .text.SystemClock_Config
                0x0000000008000614       0xc4 Application/User/main.o
                0x0000000008000614                SystemClock_Config
 .text.main     0x00000000080006d8       0x20 Application/User/main.o
                0x00000000080006d8                main
 .text.HAL_MspInit
                0x00000000080006f8       0x94 Application/User/stm32f4xx_hal_msp.o
                0x00000000080006f8                HAL_MspInit
 .text.HAL_TIM_Base_MspInit
                0x000000000800078c       0x3c Application/User/stm32f4xx_hal_msp.o
                0x000000000800078c                HAL_TIM_Base_MspInit
 .text.NMI_Handler
                0x00000000080007c8        0x2 Application/User/stm32f4xx_it.o
                0x00000000080007c8                NMI_Handler
 .text.HardFault_Handler
                0x00000000080007ca        0x2 Application/User/stm32f4xx_it.o
                0x00000000080007ca                HardFault_Handler
 .text.MemManage_Handler
                0x00000000080007cc        0x2 Application/User/stm32f4xx_it.o
                0x00000000080007cc                MemManage_Handler
 .text.BusFault_Handler
                0x00000000080007ce        0x2 Application/User/stm32f4xx_it.o
                0x00000000080007ce                BusFault_Handler
 .text.UsageFault_Handler
                0x00000000080007d0        0x2 Application/User/stm32f4xx_it.o
                0x00000000080007d0                UsageFault_Handler
 .text.SVC_Handler
                0x00000000080007d2        0x2 Application/User/stm32f4xx_it.o
                0x00000000080007d2                SVC_Handler
 .text.DebugMon_Handler
                0x00000000080007d4        0x2 Application/User/stm32f4xx_it.o
                0x00000000080007d4                DebugMon_Handler
 .text.PendSV_Handler
                0x00000000080007d6        0x2 Application/User/stm32f4xx_it.o
                0x00000000080007d6                PendSV_Handler
 .text.SysTick_Handler
                0x00000000080007d8        0xc Application/User/stm32f4xx_it.o
                0x00000000080007d8                SysTick_Handler
 .text.TIM2_IRQHandler
                0x00000000080007e4       0x10 Application/User/stm32f4xx_it.o
                0x00000000080007e4                TIM2_IRQHandler
 .text.SystemInit
                0x00000000080007f4       0x4c Drivers/CMSIS/system_stm32f4xx.o
                0x00000000080007f4                SystemInit
 .text.HAL_InitTick
                0x0000000008000840       0x48 Drivers/STM32F4xx_HAL_Driver/stm32f4xx_hal.o
                0x0000000008000840                HAL_InitTick
 .text.HAL_Init
                0x0000000008000888       0x34 Drivers/STM32F4xx_HAL_Driver/stm32f4xx_hal.o
                0x0000000008000888                HAL_Init
 .text.HAL_IncTick
                0x00000000080008bc       0x18 Drivers/STM32F4xx_HAL_Driver/stm32f4xx_hal.o
                0x00000000080008bc                HAL_IncTick
 .text.HAL_GetTick
                0x00000000080008d4        0xc Drivers/STM32F4xx_HAL_Driver/stm32f4xx_hal.o
                0x00000000080008d4                HAL_GetTick
 .text.HAL_NVIC_SetPriorityGrouping
                0x00000000080008e0       0x24 Drivers/STM32F4xx_HAL_Driver/stm32f4xx_hal_cortex.o
                0x00000000080008e0                HAL_NVIC_SetPriorityGrouping
 .text.HAL_NVIC_SetPriority
                0x0000000008000904       0x68 Drivers/STM32F4xx_HAL_Driver/stm32f4xx_hal_cortex.o
                0x0000000008000904                HAL_NVIC_SetPriority
 .text.HAL_NVIC_EnableIRQ
                0x000000000800096c       0x18 Drivers/STM32F4xx_HAL_Driver/stm32f4xx_hal_cortex.o
                0x000000000800096c                HAL_NVIC_EnableIRQ
 .text.HAL_SYSTICK_Config
                0x0000000008000984       0x2c Drivers/STM32F4xx_HAL_Driver/stm32f4xx_hal_cortex.o
                0x0000000008000984                HAL_SYSTICK_Config
 .text.HAL_SYSTICK_CLKSourceConfig
                0x00000000080009b0       0x20 Drivers/STM32F4xx_HAL_Driver/stm32f4xx_hal_cortex.o
                0x00000000080009b0                HAL_SYSTICK_CLKSourceConfig
 .text.HAL_SYSTICK_Callback
                0x00000000080009d0        0x2 Drivers/STM32F4xx_HAL_Driver/stm32f4xx_hal_cortex.o
                0x00000000080009d0                HAL_SYSTICK_Callback
 .text.HAL_SYSTICK_IRQHandler
                0x00000000080009d2        0x8 Drivers/STM32F4xx_HAL_Driver/stm32f4xx_hal_cortex.o
                0x00000000080009d2                HAL_SYSTICK_IRQHandler
 *fill*         0x00000000080009da        0x2 
 .text.HAL_GPIO_Init
                0x00000000080009dc      0x1c8 Drivers/STM32F4xx_HAL_Driver/stm32f4xx_hal_gpio.o
                0x00000000080009dc                HAL_GPIO_Init
 .text.HAL_GPIO_WritePin
                0x0000000008000ba4        0xc Drivers/STM32F4xx_HAL_Driver/stm32f4xx_hal_gpio.o
                0x0000000008000ba4                HAL_GPIO_WritePin
 .text.HAL_GPIO_TogglePin
                0x0000000008000bb0        0x8 Drivers/STM32F4xx_HAL_Driver/stm32f4xx_hal_gpio.o
                0x0000000008000bb0                HAL_GPIO_TogglePin
 .text.HAL_RCC_OscConfig
                0x0000000008000bb8      0x398 Drivers/STM32F4xx_HAL_Driver/stm32f4xx_hal_rcc.o
                0x0000000008000bb8                HAL_RCC_OscConfig
 .text.HAL_RCC_GetSysClockFreq
                0x0000000008000f50       0xd8 Drivers/STM32F4xx_HAL_Driver/stm32f4xx_hal_rcc.o
                0x0000000008000f50                HAL_RCC_GetSysClockFreq
 .text.HAL_RCC_ClockConfig
                0x0000000008001028      0x158 Drivers/STM32F4xx_HAL_Driver/stm32f4xx_hal_rcc.o
                0x0000000008001028                HAL_RCC_ClockConfig
 .text.HAL_RCC_GetHCLKFreq
                0x0000000008001180        0xc Drivers/STM32F4xx_HAL_Driver/stm32f4xx_hal_rcc.o
                0x0000000008001180                HAL_RCC_GetHCLKFreq
 .text.TIM_TI1_ConfigInputStage
                0x000000000800118c       0x26 Drivers/STM32F4xx_HAL_Driver/stm32f4xx_hal_tim.o
 .text.TIM_TI2_ConfigInputStage
                0x00000000080011b2       0x28 Drivers/STM32F4xx_HAL_Driver/stm32f4xx_hal_tim.o
 .text.TIM_ITRx_SetConfig
                0x00000000080011da       0x10 Drivers/STM32F4xx_HAL_Driver/stm32f4xx_hal_tim.o
 .text.TIM_ETR_SetConfig
                0x00000000080011ea       0x18 Drivers/STM32F4xx_HAL_Driver/stm32f4xx_hal_tim.o
 .text.HAL_TIM_Base_Start_IT
                0x0000000008001202       0x18 Drivers/STM32F4xx_HAL_Driver/stm32f4xx_hal_tim.o
                0x0000000008001202                HAL_TIM_Base_Start_IT
 .text.HAL_TIM_ConfigClockSource
                0x000000000800121a      0x108 Drivers/STM32F4xx_HAL_Driver/stm32f4xx_hal_tim.o
                0x000000000800121a                HAL_TIM_ConfigClockSource
 .text.HAL_TIM_OC_DelayElapsedCallback
                0x0000000008001322        0x2 Drivers/STM32F4xx_HAL_Driver/stm32f4xx_hal_tim.o
                0x0000000008001322                HAL_TIM_OC_DelayElapsedCallback
 .text.HAL_TIM_IC_CaptureCallback
                0x0000000008001324        0x2 Drivers/STM32F4xx_HAL_Driver/stm32f4xx_hal_tim.o
                0x0000000008001324                HAL_TIM_IC_CaptureCallback
 .text.HAL_TIM_PWM_PulseFinishedCallback
                0x0000000008001326        0x2 Drivers/STM32F4xx_HAL_Driver/stm32f4xx_hal_tim.o
                0x0000000008001326                HAL_TIM_PWM_PulseFinishedCallback
 .text.HAL_TIM_TriggerCallback
                0x0000000008001328        0x2 Drivers/STM32F4xx_HAL_Driver/stm32f4xx_hal_tim.o
                0x0000000008001328                HAL_TIM_TriggerCallback
 .text.HAL_TIM_IRQHandler
                0x000000000800132a      0x17a Drivers/STM32F4xx_HAL_Driver/stm32f4xx_hal_tim.o
                0x000000000800132a                HAL_TIM_IRQHandler
 .text.TIM_Base_SetConfig
                0x00000000080014a4       0xc0 Drivers/STM32F4xx_HAL_Driver/stm32f4xx_hal_tim.o
                0x00000000080014a4                TIM_Base_SetConfig
 .text.HAL_TIM_Base_Init
                0x0000000008001564       0x32 Drivers/STM32F4xx_HAL_Driver/stm32f4xx_hal_tim.o
                0x0000000008001564                HAL_TIM_Base_Init
 .text.HAL_TIMEx_MasterConfigSynchronization
                0x0000000008001596       0x52 Drivers/STM32F4xx_HAL_Driver/stm32f4xx_hal_tim_ex.o
                0x0000000008001596                HAL_TIMEx_MasterConfigSynchronization
 .text.HAL_TIMEx_CommutationCallback
                0x00000000080015e8        0x2 Drivers/STM32F4xx_HAL_Driver/stm32f4xx_hal_tim_ex.o
                0x00000000080015e8                HAL_TIMEx_CommutationCallback
 .text.HAL_TIMEx_BreakCallback
                0x00000000080015ea        0x2 Drivers/STM32F4xx_HAL_Driver/stm32f4xx_hal_tim_ex.o
                0x00000000080015ea                HAL_TIMEx_BreakCallback
 .text.__libc_init_array
                0x00000000080015ec       0x48 /opt/eclipse-cpp/plugins/fr.ac6.mcu.externaltools.arm-none.linux64_1.17.0.201812190825/tools/compiler/bin/../lib/gcc/arm-none-eabi/7.3.1/../../../../arm-none-eabi/lib/thumb/v7e-m/fpv4-sp/hard/libc_nano.a(lib_a-init.o)
                0x00000000080015ec                __libc_init_array
 *(.glue_7)
 .glue_7        0x0000000008001634        0x0 linker stubs
 *(.glue_7t)
 .glue_7t       0x0000000008001634        0x0 linker stubs
 *(.eh_frame)
 .eh_frame      0x0000000008001634        0x0 /opt/eclipse-cpp/plugins/fr.ac6.mcu.externaltools.arm-none.linux64_1.17.0.201812190825/tools/compiler/bin/../lib/gcc/arm-none-eabi/7.3.1/thumb/v7e-m/fpv4-sp/hard/crtbegin.o
 *(.init)
 .init          0x0000000008001634        0x4 /opt/eclipse-cpp/plugins/fr.ac6.mcu.externaltools.arm-none.linux64_1.17.0.201812190825/tools/compiler/bin/../lib/gcc/arm-none-eabi/7.3.1/thumb/v7e-m/fpv4-sp/hard/crti.o
                0x0000000008001634                _init
 .init          0x0000000008001638        0x8 /opt/eclipse-cpp/plugins/fr.ac6.mcu.externaltools.arm-none.linux64_1.17.0.201812190825/tools/compiler/bin/../lib/gcc/arm-none-eabi/7.3.1/thumb/v7e-m/fpv4-sp/hard/crtn.o
 *(.fini)
 .fini          0x0000000008001640        0x4 /opt/eclipse-cpp/plugins/fr.ac6.mcu.externaltools.arm-none.linux64_1.17.0.201812190825/tools/compiler/bin/../lib/gcc/arm-none-eabi/7.3.1/thumb/v7e-m/fpv4-sp/hard/crti.o
                0x0000000008001640                _fini
 .fini          0x0000000008001644        0x8 /opt/eclipse-cpp/plugins/fr.ac6.mcu.externaltools.arm-none.linux64_1.17.0.201812190825/tools/compiler/bin/../lib/gcc/arm-none-eabi/7.3.1/thumb/v7e-m/fpv4-sp/hard/crtn.o
                0x000000000800164c                . = ALIGN (0x4)
                0x000000000800164c                _etext = .

.vfp11_veneer   0x000000000800164c        0x0
 .vfp11_veneer  0x000000000800164c        0x0 linker stubs

.v4_bx          0x000000000800164c        0x0
 .v4_bx         0x000000000800164c        0x0 linker stubs

.iplt           0x000000000800164c        0x0
 .iplt          0x000000000800164c        0x0 /opt/eclipse-cpp/plugins/fr.ac6.mcu.externaltools.arm-none.linux64_1.17.0.201812190825/tools/compiler/bin/../lib/gcc/arm-none-eabi/7.3.1/thumb/v7e-m/fpv4-sp/hard/crtbegin.o

.rodata         0x000000000800164c       0x60
                0x000000000800164c                . = ALIGN (0x4)
 *(.rodata)
 .rodata        0x000000000800164c       0x18 Drivers/CMSIS/system_stm32f4xx.o
                0x000000000800164c                AHBPrescTable
                0x000000000800165c                APBPrescTable
 *(.rodata*)
 .rodata.str1.4
                0x0000000008001664       0x48 Application/User/main.o
                                         0x45 (size before relaxing)
                0x00000000080016ac                . = ALIGN (0x4)

.ARM.extab
 *(.ARM.extab* .gnu.linkonce.armextab.*)

.ARM            0x00000000080016ac        0x8
                0x00000000080016ac                __exidx_start = .
 *(.ARM.exidx*)
 .ARM.exidx     0x00000000080016ac        0x8 /opt/eclipse-cpp/plugins/fr.ac6.mcu.externaltools.arm-none.linux64_1.17.0.201812190825/tools/compiler/bin/../lib/gcc/arm-none-eabi/7.3.1/thumb/v7e-m/fpv4-sp/hard/libgcc.a(_udivmoddi4.o)
                0x00000000080016b4                __exidx_end = .

.rel.dyn        0x00000000080016b4        0x0
 .rel.iplt      0x00000000080016b4        0x0 /opt/eclipse-cpp/plugins/fr.ac6.mcu.externaltools.arm-none.linux64_1.17.0.201812190825/tools/compiler/bin/../lib/gcc/arm-none-eabi/7.3.1/thumb/v7e-m/fpv4-sp/hard/crtbegin.o

.preinit_array  0x00000000080016b4        0x0
                0x00000000080016b4                PROVIDE (__preinit_array_start = .)
 *(.preinit_array*)
                0x00000000080016b4                PROVIDE (__preinit_array_end = .)

.init_array     0x00000000080016b4        0x4
                0x00000000080016b4                PROVIDE (__init_array_start = .)
 *(SORT_BY_NAME(.init_array.*))
 *(.init_array*)
 .init_array    0x00000000080016b4        0x4 /opt/eclipse-cpp/plugins/fr.ac6.mcu.externaltools.arm-none.linux64_1.17.0.201812190825/tools/compiler/bin/../lib/gcc/arm-none-eabi/7.3.1/thumb/v7e-m/fpv4-sp/hard/crtbegin.o
                0x00000000080016b8                PROVIDE (__init_array_end = .)

.fini_array     0x00000000080016b8        0x4
                [!provide]                        PROVIDE (__fini_array_start = .)
 *(SORT_BY_NAME(.fini_array.*))
 *(.fini_array*)
 .fini_array    0x00000000080016b8        0x4 /opt/eclipse-cpp/plugins/fr.ac6.mcu.externaltools.arm-none.linux64_1.17.0.201812190825/tools/compiler/bin/../lib/gcc/arm-none-eabi/7.3.1/thumb/v7e-m/fpv4-sp/hard/crtbegin.o
                [!provide]                        PROVIDE (__fini_array_end = .)
                0x00000000080016bc                _sidata = LOADADDR (.data)

.data           0x0000000020000000        0xc load address 0x00000000080016bc
                0x0000000020000000                . = ALIGN (0x4)
                0x0000000020000000                _sdata = .
 *(.data)
 .data          0x0000000020000000        0x4 Drivers/CMSIS/system_stm32f4xx.o
                0x0000000020000000                SystemCoreClock
 .data          0x0000000020000004        0x8 Drivers/STM32F4xx_HAL_Driver/stm32f4xx_hal.o
                0x0000000020000004                uwTickFreq
                0x0000000020000008                uwTickPrio
 *(.data*)
                0x000000002000000c                . = ALIGN (0x4)
                0x000000002000000c                _edata = .
                0x00000000080016c8                _siccmram = LOADADDR (.ccmram)

.igot.plt       0x000000002000000c        0x0 load address 0x00000000080016c8
 .igot.plt      0x000000002000000c        0x0 /opt/eclipse-cpp/plugins/fr.ac6.mcu.externaltools.arm-none.linux64_1.17.0.201812190825/tools/compiler/bin/../lib/gcc/arm-none-eabi/7.3.1/thumb/v7e-m/fpv4-sp/hard/crtbegin.o

.ccmram         0x0000000010000000        0x0 load address 0x00000000080016c8
                0x0000000010000000                . = ALIGN (0x4)
                0x0000000010000000                _sccmram = .
 *(.ccmram)
 *(.ccmram*)
                0x0000000010000000                . = ALIGN (0x4)
                0x0000000010000000                _eccmram = .
                0x0000000010000000                . = ALIGN (0x4)

.bss            0x000000002000000c       0x5c
                0x000000002000000c                _sbss = .
                0x000000002000000c                __bss_start__ = _sbss
 *(.bss)
 .bss           0x000000002000000c       0x1c /opt/eclipse-cpp/plugins/fr.ac6.mcu.externaltools.arm-none.linux64_1.17.0.201812190825/tools/compiler/bin/../lib/gcc/arm-none-eabi/7.3.1/thumb/v7e-m/fpv4-sp/hard/crtbegin.o
 *(.bss*)
 *(COMMON)
 COMMON         0x0000000020000028       0x3c Application/User/main.o
                0x0000000020000028                htim2
 COMMON         0x0000000020000064        0x4 Drivers/STM32F4xx_HAL_Driver/stm32f4xx_hal.o
                0x0000000020000064                uwTick
                0x0000000020000068                . = ALIGN (0x4)
                0x0000000020000068                _ebss = .
                0x0000000020000068                __bss_end__ = _ebss

._user_heap_stack
                0x0000000020000068      0x600
                0x0000000020000068                . = ALIGN (0x8)
                [!provide]                        PROVIDE (end = .)
                [!provide]                        PROVIDE (_end = .)
                0x0000000020000268                . = (. + _Min_Heap_Size)
 *fill*         0x0000000020000068      0x200 
                0x0000000020000668                . = (. + _Min_Stack_Size)
 *fill*         0x0000000020000268      0x400 
                0x0000000020000668                . = ALIGN (0x8)

/DISCARD/
 libc.a(*)
 libm.a(*)
 libgcc.a(*)

.ARM.attributes
                0x0000000000000000       0x30
 *(.ARM.attributes)
 .ARM.attributes
                0x0000000000000000       0x22 /opt/eclipse-cpp/plugins/fr.ac6.mcu.externaltools.arm-none.linux64_1.17.0.201812190825/tools/compiler/bin/../lib/gcc/arm-none-eabi/7.3.1/thumb/v7e-m/fpv4-sp/hard/crti.o
 .ARM.attributes
                0x0000000000000022       0x34 /opt/eclipse-cpp/plugins/fr.ac6.mcu.externaltools.arm-none.linux64_1.17.0.201812190825/tools/compiler/bin/../lib/gcc/arm-none-eabi/7.3.1/thumb/v7e-m/fpv4-sp/hard/crtbegin.o
 .ARM.attributes
                0x0000000000000056       0x21 Application/SW4STM32/startup_stm32f407xx.o
 .ARM.attributes
                0x0000000000000077       0x39 Application/User/main.o
 .ARM.attributes
                0x00000000000000b0       0x39 Application/User/stm32f4xx_hal_msp.o
 .ARM.attributes
                0x00000000000000e9       0x39 Application/User/stm32f4xx_it.o
 .ARM.attributes
                0x0000000000000122       0x39 Drivers/CMSIS/system_stm32f4xx.o
 .ARM.attributes
                0x000000000000015b       0x39 Drivers/STM32F4xx_HAL_Driver/stm32f4xx_hal.o
 .ARM.attributes
                0x0000000000000194       0x39 Drivers/STM32F4xx_HAL_Driver/stm32f4xx_hal_cortex.o
 .ARM.attributes
                0x00000000000001cd       0x39 Drivers/STM32F4xx_HAL_Driver/stm32f4xx_hal_gpio.o
 .ARM.attributes
                0x0000000000000206       0x39 Drivers/STM32F4xx_HAL_Driver/stm32f4xx_hal_rcc.o
 .ARM.attributes
                0x000000000000023f       0x39 Drivers/STM32F4xx_HAL_Driver/stm32f4xx_hal_tim.o
 .ARM.attributes
                0x0000000000000278       0x39 Drivers/STM32F4xx_HAL_Driver/stm32f4xx_hal_tim_ex.o
 .ARM.attributes
                0x00000000000002b1       0x22 /opt/eclipse-cpp/plugins/fr.ac6.mcu.externaltools.arm-none.linux64_1.17.0.201812190825/tools/compiler/bin/../lib/gcc/arm-none-eabi/7.3.1/thumb/v7e-m/fpv4-sp/hard/libgcc.a(_aeabi_uldivmod.o)
 .ARM.attributes
                0x00000000000002d3       0x34 /opt/eclipse-cpp/plugins/fr.ac6.mcu.externaltools.arm-none.linux64_1.17.0.201812190825/tools/compiler/bin/../lib/gcc/arm-none-eabi/7.3.1/thumb/v7e-m/fpv4-sp/hard/libgcc.a(_udivmoddi4.o)
 .ARM.attributes
                0x0000000000000307       0x22 /opt/eclipse-cpp/plugins/fr.ac6.mcu.externaltools.arm-none.linux64_1.17.0.201812190825/tools/compiler/bin/../lib/gcc/arm-none-eabi/7.3.1/thumb/v7e-m/fpv4-sp/hard/libgcc.a(_dvmd_tls.o)
 .ARM.attributes
                0x0000000000000329       0x34 /opt/eclipse-cpp/plugins/fr.ac6.mcu.externaltools.arm-none.linux64_1.17.0.201812190825/tools/compiler/bin/../lib/gcc/arm-none-eabi/7.3.1/../../../../arm-none-eabi/lib/thumb/v7e-m/fpv4-sp/hard/libc_nano.a(lib_a-init.o)
 .ARM.attributes
                0x000000000000035d       0x22 /opt/eclipse-cpp/plugins/fr.ac6.mcu.externaltools.arm-none.linux64_1.17.0.201812190825/tools/compiler/bin/../lib/gcc/arm-none-eabi/7.3.1/thumb/v7e-m/fpv4-sp/hard/crtn.o
OUTPUT(Timer-Basic.elf elf32-littlearm)

.debug_line     0x0000000000000000     0x71b3
 .debug_line    0x0000000000000000       0xb7 Application/SW4STM32/startup_stm32f407xx.o
 .debug_line    0x00000000000000b7      0x897 Application/User/main.o
 .debug_line    0x000000000000094e      0x84f Application/User/stm32f4xx_hal_msp.o
 .debug_line    0x000000000000119d      0x8bb Application/User/stm32f4xx_it.o
 .debug_line    0x0000000000001a58      0x84a Drivers/CMSIS/system_stm32f4xx.o
 .debug_line    0x00000000000022a2      0xa02 Drivers/STM32F4xx_HAL_Driver/stm32f4xx_hal.o
 .debug_line    0x0000000000002ca4      0xa5d Drivers/STM32F4xx_HAL_Driver/stm32f4xx_hal_cortex.o
 .debug_line    0x0000000000003701      0x9a5 Drivers/STM32F4xx_HAL_Driver/stm32f4xx_hal_gpio.o
 .debug_line    0x00000000000040a6      0xa99 Drivers/STM32F4xx_HAL_Driver/stm32f4xx_hal_rcc.o
 .debug_line    0x0000000000004b3f     0x1897 Drivers/STM32F4xx_HAL_Driver/stm32f4xx_hal_tim.o
 .debug_line    0x00000000000063d6      0xddd Drivers/STM32F4xx_HAL_Driver/stm32f4xx_hal_tim_ex.o

.debug_info     0x0000000000000000     0xe5a2
 .debug_info    0x0000000000000000       0x22 Application/SW4STM32/startup_stm32f407xx.o
 .debug_info    0x0000000000000022     0x18b7 Application/User/main.o
 .debug_info    0x00000000000018d9     0x13db Application/User/stm32f4xx_hal_msp.o
 .debug_info    0x0000000000002cb4      0xef5 Application/User/stm32f4xx_it.o
 .debug_info    0x0000000000003ba9      0xd29 Drivers/CMSIS/system_stm32f4xx.o
 .debug_info    0x00000000000048d2     0x11d9 Drivers/STM32F4xx_HAL_Driver/stm32f4xx_hal.o
 .debug_info    0x0000000000005aab     0x1755 Drivers/STM32F4xx_HAL_Driver/stm32f4xx_hal_cortex.o
 .debug_info    0x0000000000007200      0xf93 Drivers/STM32F4xx_HAL_Driver/stm32f4xx_hal_gpio.o
 .debug_info    0x0000000000008193     0x125b Drivers/STM32F4xx_HAL_Driver/stm32f4xx_hal_rcc.o
 .debug_info    0x00000000000093ee     0x368f Drivers/STM32F4xx_HAL_Driver/stm32f4xx_hal_tim.o
 .debug_info    0x000000000000ca7d     0x1b25 Drivers/STM32F4xx_HAL_Driver/stm32f4xx_hal_tim_ex.o

.debug_abbrev   0x0000000000000000     0x1bb6
 .debug_abbrev  0x0000000000000000       0x12 Application/SW4STM32/startup_stm32f407xx.o
 .debug_abbrev  0x0000000000000012      0x2c4 Application/User/main.o
 .debug_abbrev  0x00000000000002d6      0x254 Application/User/stm32f4xx_hal_msp.o
 .debug_abbrev  0x000000000000052a      0x232 Application/User/stm32f4xx_it.o
 .debug_abbrev  0x000000000000075c      0x205 Drivers/CMSIS/system_stm32f4xx.o
 .debug_abbrev  0x0000000000000961      0x2e5 Drivers/STM32F4xx_HAL_Driver/stm32f4xx_hal.o
 .debug_abbrev  0x0000000000000c46      0x3d6 Drivers/STM32F4xx_HAL_Driver/stm32f4xx_hal_cortex.o
 .debug_abbrev  0x000000000000101c      0x2a7 Drivers/STM32F4xx_HAL_Driver/stm32f4xx_hal_gpio.o
 .debug_abbrev  0x00000000000012c3      0x333 Drivers/STM32F4xx_HAL_Driver/stm32f4xx_hal_rcc.o
 .debug_abbrev  0x00000000000015f6      0x2e0 Drivers/STM32F4xx_HAL_Driver/stm32f4xx_hal_tim.o
 .debug_abbrev  0x00000000000018d6      0x2e0 Drivers/STM32F4xx_HAL_Driver/stm32f4xx_hal_tim_ex.o

.debug_aranges  0x0000000000000000      0x840
 .debug_aranges
                0x0000000000000000       0x28 Application/SW4STM32/startup_stm32f407xx.o
 .debug_aranges
                0x0000000000000028       0x48 Application/User/main.o
 .debug_aranges
                0x0000000000000070       0x30 Application/User/stm32f4xx_hal_msp.o
 .debug_aranges
                0x00000000000000a0       0x68 Application/User/stm32f4xx_it.o
 .debug_aranges
                0x0000000000000108       0x28 Drivers/CMSIS/system_stm32f4xx.o
 .debug_aranges
                0x0000000000000130       0xe0 Drivers/STM32F4xx_HAL_Driver/stm32f4xx_hal.o
 .debug_aranges
                0x0000000000000210       0xa8 Drivers/STM32F4xx_HAL_Driver/stm32f4xx_hal_cortex.o
 .debug_aranges
                0x00000000000002b8       0x58 Drivers/STM32F4xx_HAL_Driver/stm32f4xx_hal_gpio.o
 .debug_aranges
                0x0000000000000310       0x88 Drivers/STM32F4xx_HAL_Driver/stm32f4xx_hal_rcc.o
 .debug_aranges
                0x0000000000000398      0x368 Drivers/STM32F4xx_HAL_Driver/stm32f4xx_hal_tim.o
 .debug_aranges
                0x0000000000000700      0x140 Drivers/STM32F4xx_HAL_Driver/stm32f4xx_hal_tim_ex.o

.debug_str      0x0000000000000000    0xc11ea
 .debug_str     0x0000000000000000       0xbc Application/SW4STM32/startup_stm32f407xx.o
 .debug_str     0x00000000000000bc    0xbef4e Application/User/main.o
                                      0xbf348 (size before relaxing)
 .debug_str     0x00000000000bf00a       0xd8 Application/User/stm32f4xx_hal_msp.o
                                      0xbefd9 (size before relaxing)
 .debug_str     0x00000000000bf0e2      0x135 Application/User/stm32f4xx_it.o
                                      0xbea36 (size before relaxing)
 .debug_str     0x00000000000bf217       0xf6 Drivers/CMSIS/system_stm32f4xx.o
                                      0xbe6e0 (size before relaxing)
 .debug_str     0x00000000000bf30d      0x606 Drivers/STM32F4xx_HAL_Driver/stm32f4xx_hal.o
                                      0xbf24e (size before relaxing)
 .debug_str     0x00000000000bf913      0x357 Drivers/STM32F4xx_HAL_Driver/stm32f4xx_hal_cortex.o
                                      0xbef90 (size before relaxing)
 .debug_str     0x00000000000bfc6a      0x20f Drivers/STM32F4xx_HAL_Driver/stm32f4xx_hal_gpio.o
                                      0xbe923 (size before relaxing)
 .debug_str     0x00000000000bfe79      0x24a Drivers/STM32F4xx_HAL_Driver/stm32f4xx_hal_rcc.o
                                      0xbeaed (size before relaxing)
 .debug_str     0x00000000000c00c3      0xc6d Drivers/STM32F4xx_HAL_Driver/stm32f4xx_hal_tim.o
                                      0xbf72b (size before relaxing)
 .debug_str     0x00000000000c0d30      0x4ba Drivers/STM32F4xx_HAL_Driver/stm32f4xx_hal_tim_ex.o
                                      0xbefeb (size before relaxing)

.debug_ranges   0x0000000000000000      0x810
 .debug_ranges  0x0000000000000000       0x20 Application/SW4STM32/startup_stm32f407xx.o
 .debug_ranges  0x0000000000000020       0x38 Application/User/main.o
 .debug_ranges  0x0000000000000058       0x20 Application/User/stm32f4xx_hal_msp.o
 .debug_ranges  0x0000000000000078       0x58 Application/User/stm32f4xx_it.o
 .debug_ranges  0x00000000000000d0       0x18 Drivers/CMSIS/system_stm32f4xx.o
 .debug_ranges  0x00000000000000e8       0xd0 Drivers/STM32F4xx_HAL_Driver/stm32f4xx_hal.o
 .debug_ranges  0x00000000000001b8       0xf8 Drivers/STM32F4xx_HAL_Driver/stm32f4xx_hal_cortex.o
 .debug_ranges  0x00000000000002b0       0x48 Drivers/STM32F4xx_HAL_Driver/stm32f4xx_hal_gpio.o
 .debug_ranges  0x00000000000002f8       0x90 Drivers/STM32F4xx_HAL_Driver/stm32f4xx_hal_rcc.o
 .debug_ranges  0x0000000000000388      0x358 Drivers/STM32F4xx_HAL_Driver/stm32f4xx_hal_tim.o
 .debug_ranges  0x00000000000006e0      0x130 Drivers/STM32F4xx_HAL_Driver/stm32f4xx_hal_tim_ex.o

.debug_loc      0x0000000000000000     0x5608
 .debug_loc     0x0000000000000000       0x3a Application/User/main.o
 .debug_loc     0x000000000000003a       0x5b Application/User/stm32f4xx_hal_msp.o
 .debug_loc     0x0000000000000095      0x13e Drivers/CMSIS/system_stm32f4xx.o
 .debug_loc     0x00000000000001d3       0xfd Drivers/STM32F4xx_HAL_Driver/stm32f4xx_hal.o
 .debug_loc     0x00000000000002d0      0x5ce Drivers/STM32F4xx_HAL_Driver/stm32f4xx_hal_cortex.o
 .debug_loc     0x000000000000089e      0x469 Drivers/STM32F4xx_HAL_Driver/stm32f4xx_hal_gpio.o
 .debug_loc     0x0000000000000d07      0x3f1 Drivers/STM32F4xx_HAL_Driver/stm32f4xx_hal_rcc.o
 .debug_loc     0x00000000000010f8     0x3612 Drivers/STM32F4xx_HAL_Driver/stm32f4xx_hal_tim.o
 .debug_loc     0x000000000000470a      0xefe Drivers/STM32F4xx_HAL_Driver/stm32f4xx_hal_tim_ex.o

.debug_macro    0x0000000000000000    0x2088a
 .debug_macro   0x0000000000000000      0x320 Application/User/main.o
 .debug_macro   0x0000000000000320      0xa60 Application/User/main.o
 .debug_macro   0x0000000000000d80       0x10 Application/User/main.o
 .debug_macro   0x0000000000000d90      0x17a Application/User/main.o
 .debug_macro   0x0000000000000f0a       0x32 Application/User/main.o
 .debug_macro   0x0000000000000f3c       0x2f Application/User/main.o
 .debug_macro   0x0000000000000f6b       0x22 Application/User/main.o
 .debug_macro   0x0000000000000f8d       0x8e Application/User/main.o
 .debug_macro   0x000000000000101b       0x51 Application/User/main.o
 .debug_macro   0x000000000000106c       0xef Application/User/main.o
 .debug_macro   0x000000000000115b       0x6a Application/User/main.o
 .debug_macro   0x00000000000011c5      0x1df Application/User/main.o
 .debug_macro   0x00000000000013a4       0x35 Application/User/main.o
 .debug_macro   0x00000000000013d9       0x50 Application/User/main.o
 .debug_macro   0x0000000000001429      0xe66 Application/User/main.o
 .debug_macro   0x000000000000228f    0x15d08 Application/User/main.o
 .debug_macro   0x0000000000017f97       0x43 Application/User/main.o
 .debug_macro   0x0000000000017fda     0x3535 Application/User/main.o
 .debug_macro   0x000000000001b50f       0x5e Application/User/main.o
 .debug_macro   0x000000000001b56d       0x18 Application/User/main.o
 .debug_macro   0x000000000001b585       0x35 Application/User/main.o
 .debug_macro   0x000000000001b5ba       0x34 Application/User/main.o
 .debug_macro   0x000000000001b5ee       0x16 Application/User/main.o
 .debug_macro   0x000000000001b604       0x97 Application/User/main.o
 .debug_macro   0x000000000001b69b      0x330 Application/User/main.o
 .debug_macro   0x000000000001b9cb       0xfd Application/User/main.o
 .debug_macro   0x000000000001bac8       0x10 Application/User/main.o
 .debug_macro   0x000000000001bad8       0x58 Application/User/main.o
 .debug_macro   0x000000000001bb30       0x1f Application/User/main.o
 .debug_macro   0x000000000001bb4f       0x43 Application/User/main.o
 .debug_macro   0x000000000001bb92       0x20 Application/User/main.o
 .debug_macro   0x000000000001bbb2      0x18e Application/User/main.o
 .debug_macro   0x000000000001bd40       0x10 Application/User/main.o
 .debug_macro   0x000000000001bd50       0x1c Application/User/main.o
 .debug_macro   0x000000000001bd6c       0x52 Application/User/main.o
 .debug_macro   0x000000000001bdbe       0x40 Application/User/main.o
 .debug_macro   0x000000000001bdfe       0x10 Application/User/main.o
 .debug_macro   0x000000000001be0e       0x40 Application/User/main.o
 .debug_macro   0x000000000001be4e       0xd7 Application/User/main.o
 .debug_macro   0x000000000001bf25       0x1c Application/User/main.o
 .debug_macro   0x000000000001bf41       0x3d Application/User/main.o
 .debug_macro   0x000000000001bf7e       0x16 Application/User/main.o
 .debug_macro   0x000000000001bf94      0x16f Application/User/main.o
 .debug_macro   0x000000000001c103       0x50 Application/User/main.o
 .debug_macro   0x000000000001c153      0x96b Application/User/main.o
 .debug_macro   0x000000000001cabe      0xa02 Application/User/main.o
 .debug_macro   0x000000000001d4c0      0x11e Application/User/main.o
 .debug_macro   0x000000000001d5de      0x13e Application/User/main.o
 .debug_macro   0x000000000001d71c       0x27 Application/User/main.o
 .debug_macro   0x000000000001d743      0x287 Application/User/main.o
 .debug_macro   0x000000000001d9ca       0x5f Application/User/main.o
 .debug_macro   0x000000000001da29      0x23a Application/User/main.o
 .debug_macro   0x000000000001dc63      0x133 Application/User/main.o
 .debug_macro   0x000000000001dd96      0x21e Application/User/main.o
 .debug_macro   0x000000000001dfb4       0x2e Application/User/main.o
 .debug_macro   0x000000000001dfe2      0x11e Application/User/main.o
 .debug_macro   0x000000000001e100       0x7f Application/User/main.o
 .debug_macro   0x000000000001e17f       0x89 Application/User/main.o
 .debug_macro   0x000000000001e208      0x6e0 Application/User/main.o
 .debug_macro   0x000000000001e8e8       0x59 Application/User/main.o
 .debug_macro   0x000000000001e941      0x14d Application/User/main.o
 .debug_macro   0x000000000001ea8e      0x134 Application/User/main.o
 .debug_macro   0x000000000001ebc2      0x31c Application/User/stm32f4xx_hal_msp.o
 .debug_macro   0x000000000001eede      0x326 Application/User/stm32f4xx_it.o
 .debug_macro   0x000000000001f204      0x322 Drivers/CMSIS/system_stm32f4xx.o
 .debug_macro   0x000000000001f526      0x37c Drivers/STM32F4xx_HAL_Driver/stm32f4xx_hal.o
 .debug_macro   0x000000000001f8a2      0x31c Drivers/STM32F4xx_HAL_Driver/stm32f4xx_hal_cortex.o
 .debug_macro   0x000000000001fbbe      0x354 Drivers/STM32F4xx_HAL_Driver/stm32f4xx_hal_gpio.o
 .debug_macro   0x000000000001ff12      0x340 Drivers/STM32F4xx_HAL_Driver/stm32f4xx_hal_rcc.o
 .debug_macro   0x0000000000020252      0x31c Drivers/STM32F4xx_HAL_Driver/stm32f4xx_hal_tim.o
 .debug_macro   0x000000000002056e      0x31c Drivers/STM32F4xx_HAL_Driver/stm32f4xx_hal_tim_ex.o

.comment        0x0000000000000000       0x7f
 .comment       0x0000000000000000       0x7f Application/User/main.o
                                         0x80 (size before relaxing)
 .comment       0x000000000000007f       0x80 Application/User/stm32f4xx_hal_msp.o
 .comment       0x000000000000007f       0x80 Application/User/stm32f4xx_it.o
 .comment       0x000000000000007f       0x80 Drivers/CMSIS/system_stm32f4xx.o
 .comment       0x000000000000007f       0x80 Drivers/STM32F4xx_HAL_Driver/stm32f4xx_hal.o
 .comment       0x000000000000007f       0x80 Drivers/STM32F4xx_HAL_Driver/stm32f4xx_hal_cortex.o
 .comment       0x000000000000007f       0x80 Drivers/STM32F4xx_HAL_Driver/stm32f4xx_hal_gpio.o
 .comment       0x000000000000007f       0x80 Drivers/STM32F4xx_HAL_Driver/stm32f4xx_hal_rcc.o
 .comment       0x000000000000007f       0x80 Drivers/STM32F4xx_HAL_Driver/stm32f4xx_hal_tim.o
 .comment       0x000000000000007f       0x80 Drivers/STM32F4xx_HAL_Driver/stm32f4xx_hal_tim_ex.o

.debug_frame    0x0000000000000000     0x1568
 .debug_frame   0x0000000000000000       0xb0 Application/User/main.o
 .debug_frame   0x00000000000000b0       0x64 Application/User/stm32f4xx_hal_msp.o
 .debug_frame   0x0000000000000114       0xc0 Application/User/stm32f4xx_it.o
 .debug_frame   0x00000000000001d4       0x30 Drivers/CMSIS/system_stm32f4xx.o
 .debug_frame   0x0000000000000204      0x1cc Drivers/STM32F4xx_HAL_Driver/stm32f4xx_hal.o
 .debug_frame   0x00000000000003d0      0x15c Drivers/STM32F4xx_HAL_Driver/stm32f4xx_hal_cortex.o
 .debug_frame   0x000000000000052c       0xd8 Drivers/STM32F4xx_HAL_Driver/stm32f4xx_hal_gpio.o
 .debug_frame   0x0000000000000604      0x184 Drivers/STM32F4xx_HAL_Driver/stm32f4xx_hal_rcc.o
 .debug_frame   0x0000000000000788      0x9d0 Drivers/STM32F4xx_HAL_Driver/stm32f4xx_hal_tim.o
 .debug_frame   0x0000000000001158      0x384 Drivers/STM32F4xx_HAL_Driver/stm32f4xx_hal_tim_ex.o
 .debug_frame   0x00000000000014dc       0x2c /opt/eclipse-cpp/plugins/fr.ac6.mcu.externaltools.arm-none.linux64_1.17.0.201812190825/tools/compiler/bin/../lib/gcc/arm-none-eabi/7.3.1/thumb/v7e-m/fpv4-sp/hard/libgcc.a(_aeabi_uldivmod.o)
 .debug_frame   0x0000000000001508       0x34 /opt/eclipse-cpp/plugins/fr.ac6.mcu.externaltools.arm-none.linux64_1.17.0.201812190825/tools/compiler/bin/../lib/gcc/arm-none-eabi/7.3.1/thumb/v7e-m/fpv4-sp/hard/libgcc.a(_udivmoddi4.o)
 .debug_frame   0x000000000000153c       0x2c /opt/eclipse-cpp/plugins/fr.ac6.mcu.externaltools.arm-none.linux64_1.17.0.201812190825/tools/compiler/bin/../lib/gcc/arm-none-eabi/7.3.1/../../../../arm-none-eabi/lib/thumb/v7e-m/fpv4-sp/hard/libc_nano.a(lib_a-init.o)
