Archive member included to satisfy reference by file (symbol)

/opt/eclipse-cpp/plugins/fr.ac6.mcu.externaltools.arm-none.linux64_1.17.0.201812190825/tools/compiler/bin/../lib/gcc/arm-none-eabi/7.3.1/thumb/v7e-m/fpv4-sp/hard/libgcc.a(_aeabi_uldivmod.o)
                              Drivers/STM32F4xx_HAL_Driver/stm32f4xx_hal_rcc.o (__aeabi_uldivmod)
/opt/eclipse-cpp/plugins/fr.ac6.mcu.externaltools.arm-none.linux64_1.17.0.201812190825/tools/compiler/bin/../lib/gcc/arm-none-eabi/7.3.1/thumb/v7e-m/fpv4-sp/hard/libgcc.a(_udivmoddi4.o)
                              /opt/eclipse-cpp/plugins/fr.ac6.mcu.externaltools.arm-none.linux64_1.17.0.201812190825/tools/compiler/bin/../lib/gcc/arm-none-eabi/7.3.1/thumb/v7e-m/fpv4-sp/hard/libgcc.a(_aeabi_uldivmod.o) (__udivmoddi4)
/opt/eclipse-cpp/plugins/fr.ac6.mcu.externaltools.arm-none.linux64_1.17.0.201812190825/tools/compiler/bin/../lib/gcc/arm-none-eabi/7.3.1/thumb/v7e-m/fpv4-sp/hard/libgcc.a(_dvmd_tls.o)
                              /opt/eclipse-cpp/plugins/fr.ac6.mcu.externaltools.arm-none.linux64_1.17.0.201812190825/tools/compiler/bin/../lib/gcc/arm-none-eabi/7.3.1/thumb/v7e-m/fpv4-sp/hard/libgcc.a(_aeabi_uldivmod.o) (__aeabi_ldiv0)
/opt/eclipse-cpp/plugins/fr.ac6.mcu.externaltools.arm-none.linux64_1.17.0.201812190825/tools/compiler/bin/../lib/gcc/arm-none-eabi/7.3.1/../../../../arm-none-eabi/lib/thumb/v7e-m/fpv4-sp/hard/libc_nano.a(lib_a-errno.o)
                              Application/SW4STM32/syscalls.o (__errno)
/opt/eclipse-cpp/plugins/fr.ac6.mcu.externaltools.arm-none.linux64_1.17.0.201812190825/tools/compiler/bin/../lib/gcc/arm-none-eabi/7.3.1/../../../../arm-none-eabi/lib/thumb/v7e-m/fpv4-sp/hard/libc_nano.a(lib_a-exit.o)
                              /opt/eclipse-cpp/plugins/fr.ac6.mcu.externaltools.arm-none.linux64_1.17.0.201812190825/tools/compiler/bin/../lib/gcc/arm-none-eabi/7.3.1/../../../../arm-none-eabi/lib/thumb/v7e-m/fpv4-sp/hard/crt0.o (exit)
/opt/eclipse-cpp/plugins/fr.ac6.mcu.externaltools.arm-none.linux64_1.17.0.201812190825/tools/compiler/bin/../lib/gcc/arm-none-eabi/7.3.1/../../../../arm-none-eabi/lib/thumb/v7e-m/fpv4-sp/hard/libc_nano.a(lib_a-impure.o)
                              /opt/eclipse-cpp/plugins/fr.ac6.mcu.externaltools.arm-none.linux64_1.17.0.201812190825/tools/compiler/bin/../lib/gcc/arm-none-eabi/7.3.1/../../../../arm-none-eabi/lib/thumb/v7e-m/fpv4-sp/hard/libc_nano.a(lib_a-exit.o) (_global_impure_ptr)
/opt/eclipse-cpp/plugins/fr.ac6.mcu.externaltools.arm-none.linux64_1.17.0.201812190825/tools/compiler/bin/../lib/gcc/arm-none-eabi/7.3.1/../../../../arm-none-eabi/lib/thumb/v7e-m/fpv4-sp/hard/libc_nano.a(lib_a-init.o)
                              /opt/eclipse-cpp/plugins/fr.ac6.mcu.externaltools.arm-none.linux64_1.17.0.201812190825/tools/compiler/bin/../lib/gcc/arm-none-eabi/7.3.1/../../../../arm-none-eabi/lib/thumb/v7e-m/fpv4-sp/hard/crt0.o (__libc_init_array)
/opt/eclipse-cpp/plugins/fr.ac6.mcu.externaltools.arm-none.linux64_1.17.0.201812190825/tools/compiler/bin/../lib/gcc/arm-none-eabi/7.3.1/../../../../arm-none-eabi/lib/thumb/v7e-m/fpv4-sp/hard/libc_nano.a(lib_a-memset.o)
                              /opt/eclipse-cpp/plugins/fr.ac6.mcu.externaltools.arm-none.linux64_1.17.0.201812190825/tools/compiler/bin/../lib/gcc/arm-none-eabi/7.3.1/../../../../arm-none-eabi/lib/thumb/v7e-m/fpv4-sp/hard/crt0.o (memset)

Allocating common symbols
Common symbol       size              file

uwTick              0x4               Drivers/STM32F4xx_HAL_Driver/stm32f4xx_hal.o
pFlash              0x20              Drivers/STM32F4xx_HAL_Driver/stm32f4xx_hal_flash.o
htim2               0x3c              Application/User/main.o

Discarded input sections

 .text          0x0000000000000000        0x0 /opt/eclipse-cpp/plugins/fr.ac6.mcu.externaltools.arm-none.linux64_1.17.0.201812190825/tools/compiler/bin/../lib/gcc/arm-none-eabi/7.3.1/thumb/v7e-m/fpv4-sp/hard/crti.o
 .data          0x0000000000000000        0x0 /opt/eclipse-cpp/plugins/fr.ac6.mcu.externaltools.arm-none.linux64_1.17.0.201812190825/tools/compiler/bin/../lib/gcc/arm-none-eabi/7.3.1/thumb/v7e-m/fpv4-sp/hard/crti.o
 .bss           0x0000000000000000        0x0 /opt/eclipse-cpp/plugins/fr.ac6.mcu.externaltools.arm-none.linux64_1.17.0.201812190825/tools/compiler/bin/../lib/gcc/arm-none-eabi/7.3.1/thumb/v7e-m/fpv4-sp/hard/crti.o
 .data          0x0000000000000000        0x4 /opt/eclipse-cpp/plugins/fr.ac6.mcu.externaltools.arm-none.linux64_1.17.0.201812190825/tools/compiler/bin/../lib/gcc/arm-none-eabi/7.3.1/thumb/v7e-m/fpv4-sp/hard/crtbegin.o
 .text          0x0000000000000000       0x74 /opt/eclipse-cpp/plugins/fr.ac6.mcu.externaltools.arm-none.linux64_1.17.0.201812190825/tools/compiler/bin/../lib/gcc/arm-none-eabi/7.3.1/../../../../arm-none-eabi/lib/thumb/v7e-m/fpv4-sp/hard/crt0.o
[...]
Memory Configuration

Name             Origin             Length             Attributes
RAM              0x0000000020000000 0x0000000000020000 xrw
CCMRAM           0x0000000010000000 0x0000000000010000 rw
FLASH            0x0000000008000000 0x0000000000100000 xr
*default*        0x0000000000000000 0xffffffffffffffff

Linker script and memory map

LOAD /opt/eclipse-cpp/plugins/fr.ac6.mcu.externaltools.arm-none.linux64_1.17.0.201812190825/tools/compiler/bin/../lib/gcc/arm-none-eabi/7.3.1/thumb/v7e-m/fpv4-sp/hard/crti.o
LOAD /opt/eclipse-cpp/plugins/fr.ac6.mcu.externaltools.arm-none.linux64_1.17.0.201812190825/tools/compiler/bin/../lib/gcc/arm-none-eabi/7.3.1/thumb/v7e-m/fpv4-sp/hard/crtbegin.o
LOAD /opt/eclipse-cpp/plugins/fr.ac6.mcu.externaltools.arm-none.linux64_1.17.0.201812190825/tools/compiler/bin/../lib/gcc/arm-none-eabi/7.3.1/../../../../arm-none-eabi/lib/thumb/v7e-m/fpv4-sp/hard/crt0.o
LOAD Application/SW4STM32/startup_stm32f407xx.o
LOAD Application/SW4STM32/syscalls.o
LOAD Application/User/main.o
LOAD Application/User/stm32f4xx_hal_msp.o
LOAD Application/User/stm32f4xx_it.o
LOAD Drivers/CMSIS/system_stm32f4xx.o
LOAD Drivers/STM32F4xx_HAL_Driver/stm32f4xx_hal.o
LOAD Drivers/STM32F4xx_HAL_Driver/stm32f4xx_hal_cortex.o
LOAD Drivers/STM32F4xx_HAL_Driver/stm32f4xx_hal_dma.o
LOAD Drivers/STM32F4xx_HAL_Driver/stm32f4xx_hal_dma_ex.o
LOAD Drivers/STM32F4xx_HAL_Driver/stm32f4xx_hal_flash.o
LOAD Drivers/STM32F4xx_HAL_Driver/stm32f4xx_hal_flash_ex.o
LOAD Drivers/STM32F4xx_HAL_Driver/stm32f4xx_hal_flash_ramfunc.o
LOAD Drivers/STM32F4xx_HAL_Driver/stm32f4xx_hal_gpio.o
LOAD Drivers/STM32F4xx_HAL_Driver/stm32f4xx_hal_pwr.o
LOAD Drivers/STM32F4xx_HAL_Driver/stm32f4xx_hal_pwr_ex.o
LOAD Drivers/STM32F4xx_HAL_Driver/stm32f4xx_hal_rcc.o
LOAD Drivers/STM32F4xx_HAL_Driver/stm32f4xx_hal_rcc_ex.o
LOAD Drivers/STM32F4xx_HAL_Driver/stm32f4xx_hal_tim.o
LOAD Drivers/STM32F4xx_HAL_Driver/stm32f4xx_hal_tim_ex.o
LOAD /opt/eclipse-cpp/plugins/fr.ac6.mcu.externaltools.arm-none.linux64_1.17.0.201812190825/tools/compiler/bin/../lib/gcc/arm-none-eabi/7.3.1/../../../../arm-none-eabi/lib/thumb/v7e-m/fpv4-sp/hard/libm.a
START GROUP
LOAD /opt/eclipse-cpp/plugins/fr.ac6.mcu.externaltools.arm-none.linux64_1.17.0.201812190825/tools/compiler/bin/../lib/gcc/arm-none-eabi/7.3.1/thumb/v7e-m/fpv4-sp/hard/libgcc.a
LOAD /opt/eclipse-cpp/plugins/fr.ac6.mcu.externaltools.arm-none.linux64_1.17.0.201812190825/tools/compiler/bin/../lib/gcc/arm-none-eabi/7.3.1/../../../../arm-none-eabi/lib/thumb/v7e-m/fpv4-sp/hard/libc_nano.a
END GROUP
START GROUP
LOAD /opt/eclipse-cpp/plugins/fr.ac6.mcu.externaltools.arm-none.linux64_1.17.0.201812190825/tools/compiler/bin/../lib/gcc/arm-none-eabi/7.3.1/thumb/v7e-m/fpv4-sp/hard/libgcc.a
LOAD /opt/eclipse-cpp/plugins/fr.ac6.mcu.externaltools.arm-none.linux64_1.17.0.201812190825/tools/compiler/bin/../lib/gcc/arm-none-eabi/7.3.1/../../../../arm-none-eabi/lib/thumb/v7e-m/fpv4-sp/hard/libc_nano.a
LOAD /opt/eclipse-cpp/plugins/fr.ac6.mcu.externaltools.arm-none.linux64_1.17.0.201812190825/tools/compiler/bin/../lib/gcc/arm-none-eabi/7.3.1/../../../../arm-none-eabi/lib/thumb/v7e-m/fpv4-sp/hard/libnosys.a
END GROUP
START GROUP
LOAD /opt/eclipse-cpp/plugins/fr.ac6.mcu.externaltools.arm-none.linux64_1.17.0.201812190825/tools/compiler/bin/../lib/gcc/arm-none-eabi/7.3.1/thumb/v7e-m/fpv4-sp/hard/libgcc.a
LOAD /opt/eclipse-cpp/plugins/fr.ac6.mcu.externaltools.arm-none.linux64_1.17.0.201812190825/tools/compiler/bin/../lib/gcc/arm-none-eabi/7.3.1/../../../../arm-none-eabi/lib/thumb/v7e-m/fpv4-sp/hard/libc_nano.a
LOAD /opt/eclipse-cpp/plugins/fr.ac6.mcu.externaltools.arm-none.linux64_1.17.0.201812190825/tools/compiler/bin/../lib/gcc/arm-none-eabi/7.3.1/../../../../arm-none-eabi/lib/thumb/v7e-m/fpv4-sp/hard/libnosys.a
END GROUP
LOAD /opt/eclipse-cpp/plugins/fr.ac6.mcu.externaltools.arm-none.linux64_1.17.0.201812190825/tools/compiler/bin/../lib/gcc/arm-none-eabi/7.3.1/thumb/v7e-m/fpv4-sp/hard/crtend.o
LOAD /opt/eclipse-cpp/plugins/fr.ac6.mcu.externaltools.arm-none.linux64_1.17.0.201812190825/tools/compiler/bin/../lib/gcc/arm-none-eabi/7.3.1/thumb/v7e-m/fpv4-sp/hard/crtn.o
                0x0000000020020000                _estack = 0x20020000
                0x0000000000000200                _Min_Heap_Size = 0x200
                0x0000000000000400                _Min_Stack_Size = 0x400

.isr_vector     0x0000000008000000      0x188
                0x0000000008000000                . = ALIGN (0x4)
 *(.isr_vector)
 .isr_vector    0x0000000008000000      0x188 Application/SW4STM32/startup_stm32f407xx.o
                0x0000000008000000                g_pfnVectors
                0x0000000008000188                . = ALIGN (0x4)

.text           0x0000000008000188     0x13f8
                0x0000000008000188                . = ALIGN (0x4)
 *(.text)
 .text          0x0000000008000188       0x40 /opt/eclipse-cpp/plugins/fr.ac6.mcu.externaltools.arm-none.linux64_1.17.0.201812190825/tools/compiler/bin/../lib/gcc/arm-none-eabi/7.3.1/thumb/v7e-m/fpv4-sp/hard/crtbegin.o
 .text          0x00000000080001c8       0x30 /opt/eclipse-cpp/plugins/fr.ac6.mcu.externaltools.arm-none.linux64_1.17.0.201812190825/tools/compiler/bin/../lib/gcc/arm-none-eabi/7.3.1/thumb/v7e-m/fpv4-sp/hard/libgcc.a(_aeabi_uldivmod.o)
                0x00000000080001c8                __aeabi_uldivmod
 .text          0x00000000080001f8      0x2cc /opt/eclipse-cpp/plugins/fr.ac6.mcu.externaltools.arm-none.linux64_1.17.0.201812190825/tools/compiler/bin/../lib/gcc/arm-none-eabi/7.3.1/thumb/v7e-m/fpv4-sp/hard/libgcc.a(_udivmoddi4.o)
                0x00000000080001f8                __udivmoddi4
 .text          0x00000000080004c4        0x4 /opt/eclipse-cpp/plugins/fr.ac6.mcu.externaltools.arm-none.linux64_1.17.0.201812190825/tools/compiler/bin/../lib/gcc/arm-none-eabi/7.3.1/thumb/v7e-m/fpv4-sp/hard/libgcc.a(_dvmd_tls.o)
                0x00000000080004c4                __aeabi_ldiv0
                0x00000000080004c4                __aeabi_idiv0
 *(.text*)
 .text.Reset_Handler
                0x00000000080004c8       0x50 Application/SW4STM32/startup_stm32f407xx.o
                0x00000000080004c8                Reset_Handler
 .text.Default_Handler
                0x0000000008000518        0x2 Application/SW4STM32/startup_stm32f407xx.o
                0x0000000008000518                RTC_Alarm_IRQHandler
                0x0000000008000518                HASH_RNG_IRQHandler
                0x0000000008000518                EXTI2_IRQHandler
                0x0000000008000518                TIM8_CC_IRQHandler
                0x0000000008000518                TIM1_CC_IRQHandler
                0x0000000008000518                DMA2_Stream5_IRQHandler
                0x0000000008000518                DMA1_Stream5_IRQHandler
                0x0000000008000518                PVD_IRQHandler
                0x0000000008000518                SDIO_IRQHandler
                0x0000000008000518                TAMP_STAMP_IRQHandler
                0x0000000008000518                CAN2_RX1_IRQHandler
                0x0000000008000518                EXTI3_IRQHandler
                0x0000000008000518                TIM8_TRG_COM_TIM14_IRQHandler
                0x0000000008000518                TIM1_UP_TIM10_IRQHandler
                0x0000000008000518                TIM8_UP_TIM13_IRQHandler
                0x0000000008000518                I2C3_ER_IRQHandler
                0x0000000008000518                EXTI0_IRQHandler
                0x0000000008000518                I2C2_EV_IRQHandler
                0x0000000008000518                DMA1_Stream2_IRQHandler
                0x0000000008000518                CAN1_RX0_IRQHandler
                0x0000000008000518                FPU_IRQHandler
                0x0000000008000518                OTG_HS_WKUP_IRQHandler
                0x0000000008000518                CAN2_SCE_IRQHandler
                0x0000000008000518                DMA2_Stream2_IRQHandler
                0x0000000008000518                SPI1_IRQHandler
                0x0000000008000518                TIM6_DAC_IRQHandler
                0x0000000008000518                TIM1_BRK_TIM9_IRQHandler
                0x0000000008000518                DCMI_IRQHandler
                0x0000000008000518                CAN2_RX0_IRQHandler
                0x0000000008000518                DMA2_Stream3_IRQHandler
                0x0000000008000518                USART6_IRQHandler
                0x0000000008000518                USART3_IRQHandler
                0x0000000008000518                CAN1_RX1_IRQHandler
                0x0000000008000518                UART5_IRQHandler
                0x0000000008000518                DMA2_Stream0_IRQHandler
                0x0000000008000518                TIM4_IRQHandler
                0x0000000008000518                I2C1_EV_IRQHandler
                0x0000000008000518                DMA1_Stream6_IRQHandler
                0x0000000008000518                DMA1_Stream1_IRQHandler
                0x0000000008000518                UART4_IRQHandler
                0x0000000008000518                TIM3_IRQHandler
                0x0000000008000518                RCC_IRQHandler
                0x0000000008000518                TIM8_BRK_TIM12_IRQHandler
                0x0000000008000518                Default_Handler
                0x0000000008000518                EXTI15_10_IRQHandler
                0x0000000008000518                ADC_IRQHandler
                0x0000000008000518                DMA1_Stream7_IRQHandler
                0x0000000008000518                TIM7_IRQHandler
                0x0000000008000518                CAN2_TX_IRQHandler
                0x0000000008000518                TIM5_IRQHandler
                0x0000000008000518                DMA2_Stream7_IRQHandler
                0x0000000008000518                I2C3_EV_IRQHandler
                0x0000000008000518                EXTI9_5_IRQHandler
                0x0000000008000518                RTC_WKUP_IRQHandler
                0x0000000008000518                ETH_WKUP_IRQHandler
                0x0000000008000518                SPI2_IRQHandler
                0x0000000008000518                OTG_HS_EP1_IN_IRQHandler
                0x0000000008000518                DMA1_Stream0_IRQHandler
                0x0000000008000518                CAN1_TX_IRQHandler
                0x0000000008000518                EXTI4_IRQHandler
                0x0000000008000518                FSMC_IRQHandler
                0x0000000008000518                ETH_IRQHandler
                0x0000000008000518                OTG_HS_EP1_OUT_IRQHandler
                0x0000000008000518                WWDG_IRQHandler
                0x0000000008000518                OTG_FS_WKUP_IRQHandler
                0x0000000008000518                TIM1_TRG_COM_TIM11_IRQHandler
                0x0000000008000518                OTG_HS_IRQHandler
                0x0000000008000518                EXTI1_IRQHandler
                0x0000000008000518                USART2_IRQHandler
                0x0000000008000518                I2C2_ER_IRQHandler
                0x0000000008000518                DMA2_Stream1_IRQHandler
                0x0000000008000518                CAN1_SCE_IRQHandler
                0x0000000008000518                FLASH_IRQHandler
                0x0000000008000518                DMA2_Stream4_IRQHandler
                0x0000000008000518                USART1_IRQHandler
                0x0000000008000518                OTG_FS_IRQHandler
                0x0000000008000518                SPI3_IRQHandler
                0x0000000008000518                DMA1_Stream4_IRQHandler
                0x0000000008000518                I2C1_ER_IRQHandler
                0x0000000008000518                DMA2_Stream6_IRQHandler
                0x0000000008000518                DMA1_Stream3_IRQHandler
 *fill*         0x000000000800051a        0x2 
 .text.MX_GPIO_Init
                0x000000000800051c       0x80 Application/User/main.o
 .text.MX_TIM2_Init
                0x000000000800059c       0x58 Application/User/main.o
 .text.HAL_TIM_PeriodElapsedCallback
                0x00000000080005f4       0x24 Application/User/main.o
                0x00000000080005f4                HAL_TIM_PeriodElapsedCallback
 .text.SystemClock_Config
                0x0000000008000618       0x94 Application/User/main.o
                0x0000000008000618                SystemClock_Config
 .text.main     0x00000000080006ac       0x30 Application/User/main.o
                0x00000000080006ac                main
 .text.HAL_MspInit
                0x00000000080006dc       0x38 Application/User/stm32f4xx_hal_msp.o
                0x00000000080006dc                HAL_MspInit
 .text.HAL_TIM_Base_MspInit
                0x0000000008000714       0x74 Application/User/stm32f4xx_hal_msp.o
                0x0000000008000714                HAL_TIM_Base_MspInit
 .text.NMI_Handler
                0x0000000008000788        0x2 Application/User/stm32f4xx_it.o
                0x0000000008000788                NMI_Handler
 .text.HardFault_Handler
                0x000000000800078a        0x2 Application/User/stm32f4xx_it.o
                0x000000000800078a                HardFault_Handler
 .text.MemManage_Handler
                0x000000000800078c        0x2 Application/User/stm32f4xx_it.o
                0x000000000800078c                MemManage_Handler
 .text.BusFault_Handler
                0x000000000800078e        0x2 Application/User/stm32f4xx_it.o
                0x000000000800078e                BusFault_Handler
 .text.UsageFault_Handler
                0x0000000008000790        0x2 Application/User/stm32f4xx_it.o
                0x0000000008000790                UsageFault_Handler
 .text.SVC_Handler
                0x0000000008000792        0x2 Application/User/stm32f4xx_it.o
                0x0000000008000792                SVC_Handler
 .text.DebugMon_Handler
                0x0000000008000794        0x2 Application/User/stm32f4xx_it.o
                0x0000000008000794                DebugMon_Handler
 .text.PendSV_Handler
                0x0000000008000796        0x2 Application/User/stm32f4xx_it.o
                0x0000000008000796                PendSV_Handler
 .text.SysTick_Handler
                0x0000000008000798        0x8 Application/User/stm32f4xx_it.o
                0x0000000008000798                SysTick_Handler
 .text.TIM2_IRQHandler
                0x00000000080007a0       0x10 Application/User/stm32f4xx_it.o
                0x00000000080007a0                TIM2_IRQHandler
 .text.SystemInit
                0x00000000080007b0       0x4c Drivers/CMSIS/system_stm32f4xx.o
                0x00000000080007b0                SystemInit
 .text.HAL_InitTick
                0x00000000080007fc       0x48 Drivers/STM32F4xx_HAL_Driver/stm32f4xx_hal.o
                0x00000000080007fc                HAL_InitTick
 .text.HAL_Init
                0x0000000008000844       0x34 Drivers/STM32F4xx_HAL_Driver/stm32f4xx_hal.o
                0x0000000008000844                HAL_Init
 .text.HAL_IncTick
                0x0000000008000878       0x18 Drivers/STM32F4xx_HAL_Driver/stm32f4xx_hal.o
                0x0000000008000878                HAL_IncTick
 .text.HAL_GetTick
                0x0000000008000890        0xc Drivers/STM32F4xx_HAL_Driver/stm32f4xx_hal.o
                0x0000000008000890                HAL_GetTick
 .text.HAL_NVIC_SetPriorityGrouping
                0x000000000800089c       0x24 Drivers/STM32F4xx_HAL_Driver/stm32f4xx_hal_cortex.o
                0x000000000800089c                HAL_NVIC_SetPriorityGrouping
 .text.HAL_NVIC_SetPriority
                0x00000000080008c0       0x68 Drivers/STM32F4xx_HAL_Driver/stm32f4xx_hal_cortex.o
                0x00000000080008c0                HAL_NVIC_SetPriority
 .text.HAL_NVIC_EnableIRQ
                0x0000000008000928       0x18 Drivers/STM32F4xx_HAL_Driver/stm32f4xx_hal_cortex.o
                0x0000000008000928                HAL_NVIC_EnableIRQ
 .text.HAL_SYSTICK_Config
                0x0000000008000940       0x2c Drivers/STM32F4xx_HAL_Driver/stm32f4xx_hal_cortex.o
                0x0000000008000940                HAL_SYSTICK_Config
 .text.HAL_GPIO_Init
                0x000000000800096c      0x1c8 Drivers/STM32F4xx_HAL_Driver/stm32f4xx_hal_gpio.o
                0x000000000800096c                HAL_GPIO_Init
 .text.HAL_GPIO_WritePin
                0x0000000008000b34        0xc Drivers/STM32F4xx_HAL_Driver/stm32f4xx_hal_gpio.o
                0x0000000008000b34                HAL_GPIO_WritePin
 .text.HAL_GPIO_TogglePin
                0x0000000008000b40        0x8 Drivers/STM32F4xx_HAL_Driver/stm32f4xx_hal_gpio.o
                0x0000000008000b40                HAL_GPIO_TogglePin
 .text.HAL_RCC_OscConfig
                0x0000000008000b48      0x398 Drivers/STM32F4xx_HAL_Driver/stm32f4xx_hal_rcc.o
                0x0000000008000b48                HAL_RCC_OscConfig
 .text.HAL_RCC_GetSysClockFreq
                0x0000000008000ee0       0xd8 Drivers/STM32F4xx_HAL_Driver/stm32f4xx_hal_rcc.o
                0x0000000008000ee0                HAL_RCC_GetSysClockFreq
 .text.HAL_RCC_ClockConfig
                0x0000000008000fb8      0x158 Drivers/STM32F4xx_HAL_Driver/stm32f4xx_hal_rcc.o
                0x0000000008000fb8                HAL_RCC_ClockConfig
 .text.TIM_TI1_ConfigInputStage
                0x0000000008001110       0x26 Drivers/STM32F4xx_HAL_Driver/stm32f4xx_hal_tim.o
 .text.TIM_TI2_ConfigInputStage
                0x0000000008001136       0x28 Drivers/STM32F4xx_HAL_Driver/stm32f4xx_hal_tim.o
 .text.TIM_ETR_SetConfig
                0x000000000800115e       0x18 Drivers/STM32F4xx_HAL_Driver/stm32f4xx_hal_tim.o
 .text.TIM_SlaveTimer_SetConfig
                0x0000000008001176       0x74 Drivers/STM32F4xx_HAL_Driver/stm32f4xx_hal_tim.o
 .text.HAL_TIM_Base_Start
                0x00000000080011ea       0x1a Drivers/STM32F4xx_HAL_Driver/stm32f4xx_hal_tim.o
                0x00000000080011ea                HAL_TIM_Base_Start
 .text.HAL_TIM_SlaveConfigSynchronization
                0x0000000008001204       0x40 Drivers/STM32F4xx_HAL_Driver/stm32f4xx_hal_tim.o
                0x0000000008001204                HAL_TIM_SlaveConfigSynchronization
 .text.HAL_TIM_OC_DelayElapsedCallback
                0x0000000008001244        0x2 Drivers/STM32F4xx_HAL_Driver/stm32f4xx_hal_tim.o
                0x0000000008001244                HAL_TIM_OC_DelayElapsedCallback
 .text.HAL_TIM_IC_CaptureCallback
                0x0000000008001246        0x2 Drivers/STM32F4xx_HAL_Driver/stm32f4xx_hal_tim.o
                0x0000000008001246                HAL_TIM_IC_CaptureCallback
 .text.HAL_TIM_PWM_PulseFinishedCallback
                0x0000000008001248        0x2 Drivers/STM32F4xx_HAL_Driver/stm32f4xx_hal_tim.o
                0x0000000008001248                HAL_TIM_PWM_PulseFinishedCallback
 .text.HAL_TIM_TriggerCallback
                0x000000000800124a        0x2 Drivers/STM32F4xx_HAL_Driver/stm32f4xx_hal_tim.o
                0x000000000800124a                HAL_TIM_TriggerCallback
 .text.HAL_TIM_IRQHandler
                0x000000000800124c      0x17a Drivers/STM32F4xx_HAL_Driver/stm32f4xx_hal_tim.o
                0x000000000800124c                HAL_TIM_IRQHandler
 *fill*         0x00000000080013c6        0x2 
 .text.TIM_Base_SetConfig
                0x00000000080013c8       0xc0 Drivers/STM32F4xx_HAL_Driver/stm32f4xx_hal_tim.o
                0x00000000080013c8                TIM_Base_SetConfig
 .text.HAL_TIM_Base_Init
                0x0000000008001488       0x32 Drivers/STM32F4xx_HAL_Driver/stm32f4xx_hal_tim.o
                0x0000000008001488                HAL_TIM_Base_Init
 .text.HAL_TIMEx_MasterConfigSynchronization
                0x00000000080014ba       0x52 Drivers/STM32F4xx_HAL_Driver/stm32f4xx_hal_tim_ex.o
                0x00000000080014ba                HAL_TIMEx_MasterConfigSynchronization
 .text.HAL_TIMEx_CommutationCallback
                0x000000000800150c        0x2 Drivers/STM32F4xx_HAL_Driver/stm32f4xx_hal_tim_ex.o
                0x000000000800150c                HAL_TIMEx_CommutationCallback
 .text.HAL_TIMEx_BreakCallback
                0x000000000800150e        0x2 Drivers/STM32F4xx_HAL_Driver/stm32f4xx_hal_tim_ex.o
                0x000000000800150e                HAL_TIMEx_BreakCallback
 .text.__libc_init_array
                0x0000000008001510       0x48 /opt/eclipse-cpp/plugins/fr.ac6.mcu.externaltools.arm-none.linux64_1.17.0.201812190825/tools/compiler/bin/../lib/gcc/arm-none-eabi/7.3.1/../../../../arm-none-eabi/lib/thumb/v7e-m/fpv4-sp/hard/libc_nano.a(lib_a-init.o)
                0x0000000008001510                __libc_init_array
 .text.memset   0x0000000008001558       0x10 /opt/eclipse-cpp/plugins/fr.ac6.mcu.externaltools.arm-none.linux64_1.17.0.201812190825/tools/compiler/bin/../lib/gcc/arm-none-eabi/7.3.1/../../../../arm-none-eabi/lib/thumb/v7e-m/fpv4-sp/hard/libc_nano.a(lib_a-memset.o)
                0x0000000008001558                memset
 *(.glue_7)
 .glue_7        0x0000000008001568        0x0 linker stubs
 *(.glue_7t)
 .glue_7t       0x0000000008001568        0x0 linker stubs
 *(.eh_frame)
 .eh_frame      0x0000000008001568        0x0 /opt/eclipse-cpp/plugins/fr.ac6.mcu.externaltools.arm-none.linux64_1.17.0.201812190825/tools/compiler/bin/../lib/gcc/arm-none-eabi/7.3.1/thumb/v7e-m/fpv4-sp/hard/crtbegin.o
 *(.init)
 .init          0x0000000008001568        0x4 /opt/eclipse-cpp/plugins/fr.ac6.mcu.externaltools.arm-none.linux64_1.17.0.201812190825/tools/compiler/bin/../lib/gcc/arm-none-eabi/7.3.1/thumb/v7e-m/fpv4-sp/hard/crti.o
                0x0000000008001568                _init
 .init          0x000000000800156c        0x8 /opt/eclipse-cpp/plugins/fr.ac6.mcu.externaltools.arm-none.linux64_1.17.0.201812190825/tools/compiler/bin/../lib/gcc/arm-none-eabi/7.3.1/thumb/v7e-m/fpv4-sp/hard/crtn.o
 *(.fini)
 .fini          0x0000000008001574        0x4 /opt/eclipse-cpp/plugins/fr.ac6.mcu.externaltools.arm-none.linux64_1.17.0.201812190825/tools/compiler/bin/../lib/gcc/arm-none-eabi/7.3.1/thumb/v7e-m/fpv4-sp/hard/crti.o
                0x0000000008001574                _fini
 .fini          0x0000000008001578        0x8 /opt/eclipse-cpp/plugins/fr.ac6.mcu.externaltools.arm-none.linux64_1.17.0.201812190825/tools/compiler/bin/../lib/gcc/arm-none-eabi/7.3.1/thumb/v7e-m/fpv4-sp/hard/crtn.o
                0x0000000008001580                . = ALIGN (0x4)
                0x0000000008001580                _etext = .

.vfp11_veneer   0x0000000008001580        0x0
 .vfp11_veneer  0x0000000008001580        0x0 linker stubs

.v4_bx          0x0000000008001580        0x0
 .v4_bx         0x0000000008001580        0x0 linker stubs

.iplt           0x0000000008001580        0x0
 .iplt          0x0000000008001580        0x0 /opt/eclipse-cpp/plugins/fr.ac6.mcu.externaltools.arm-none.linux64_1.17.0.201812190825/tools/compiler/bin/../lib/gcc/arm-none-eabi/7.3.1/thumb/v7e-m/fpv4-sp/hard/crtbegin.o

.rodata         0x0000000008001580       0x18
                0x0000000008001580                . = ALIGN (0x4)
 *(.rodata)
 .rodata        0x0000000008001580       0x18 Drivers/CMSIS/system_stm32f4xx.o
                0x0000000008001580                AHBPrescTable
                0x0000000008001590                APBPrescTable
 *(.rodata*)
                0x0000000008001598                . = ALIGN (0x4)

.ARM.extab
 *(.ARM.extab* .gnu.linkonce.armextab.*)

.ARM            0x0000000008001598        0x8
                0x0000000008001598                __exidx_start = .
 *(.ARM.exidx*)
 .ARM.exidx     0x0000000008001598        0x8 /opt/eclipse-cpp/plugins/fr.ac6.mcu.externaltools.arm-none.linux64_1.17.0.201812190825/tools/compiler/bin/../lib/gcc/arm-none-eabi/7.3.1/thumb/v7e-m/fpv4-sp/hard/libgcc.a(_udivmoddi4.o)
                0x00000000080015a0                __exidx_end = .

.rel.dyn        0x00000000080015a0        0x0
 .rel.iplt      0x00000000080015a0        0x0 /opt/eclipse-cpp/plugins/fr.ac6.mcu.externaltools.arm-none.linux64_1.17.0.201812190825/tools/compiler/bin/../lib/gcc/arm-none-eabi/7.3.1/thumb/v7e-m/fpv4-sp/hard/crtbegin.o

.preinit_array  0x00000000080015a0        0x0
                0x00000000080015a0                PROVIDE (__preinit_array_start = .)
 *(.preinit_array*)
                0x00000000080015a0                PROVIDE (__preinit_array_end = .)

.init_array     0x00000000080015a0        0x4
                0x00000000080015a0                PROVIDE (__init_array_start = .)
 *(SORT_BY_NAME(.init_array.*))
 *(.init_array*)
 .init_array    0x00000000080015a0        0x4 /opt/eclipse-cpp/plugins/fr.ac6.mcu.externaltools.arm-none.linux64_1.17.0.201812190825/tools/compiler/bin/../lib/gcc/arm-none-eabi/7.3.1/thumb/v7e-m/fpv4-sp/hard/crtbegin.o
                0x00000000080015a4                PROVIDE (__init_array_end = .)

.fini_array     0x00000000080015a4        0x4
                [!provide]                        PROVIDE (__fini_array_start = .)
 *(SORT_BY_NAME(.fini_array.*))
 *(.fini_array*)
 .fini_array    0x00000000080015a4        0x4 /opt/eclipse-cpp/plugins/fr.ac6.mcu.externaltools.arm-none.linux64_1.17.0.201812190825/tools/compiler/bin/../lib/gcc/arm-none-eabi/7.3.1/thumb/v7e-m/fpv4-sp/hard/crtbegin.o
                [!provide]                        PROVIDE (__fini_array_end = .)
                0x00000000080015a8                _sidata = LOADADDR (.data)

.data           0x0000000020000000        0xc load address 0x00000000080015a8
                0x0000000020000000                . = ALIGN (0x4)
                0x0000000020000000                _sdata = .
 *(.data)
 .data          0x0000000020000000        0x4 Drivers/CMSIS/system_stm32f4xx.o
                0x0000000020000000                SystemCoreClock
 .data          0x0000000020000004        0x8 Drivers/STM32F4xx_HAL_Driver/stm32f4xx_hal.o
                0x0000000020000004                uwTickFreq
                0x0000000020000008                uwTickPrio
 *(.data*)
                0x000000002000000c                . = ALIGN (0x4)
                0x000000002000000c                _edata = .
                0x00000000080015b4                _siccmram = LOADADDR (.ccmram)

.igot.plt       0x000000002000000c        0x0 load address 0x00000000080015b4
 .igot.plt      0x000000002000000c        0x0 /opt/eclipse-cpp/plugins/fr.ac6.mcu.externaltools.arm-none.linux64_1.17.0.201812190825/tools/compiler/bin/../lib/gcc/arm-none-eabi/7.3.1/thumb/v7e-m/fpv4-sp/hard/crtbegin.o

.ccmram         0x0000000010000000        0x0 load address 0x00000000080015b4
                0x0000000010000000                . = ALIGN (0x4)
                0x0000000010000000                _sccmram = .
 *(.ccmram)
 *(.ccmram*)
                0x0000000010000000                . = ALIGN (0x4)
                0x0000000010000000                _eccmram = .
                0x0000000010000000                . = ALIGN (0x4)

.bss            0x000000002000000c       0x60
                0x000000002000000c                _sbss = .
                0x000000002000000c                __bss_start__ = _sbss
 *(.bss)
 .bss           0x000000002000000c       0x1c /opt/eclipse-cpp/plugins/fr.ac6.mcu.externaltools.arm-none.linux64_1.17.0.201812190825/tools/compiler/bin/../lib/gcc/arm-none-eabi/7.3.1/thumb/v7e-m/fpv4-sp/hard/crtbegin.o
 .bss           0x0000000020000028        0x1 Application/User/main.o
                0x0000000020000028                count_value
 *(.bss*)
 *(COMMON)
 *fill*         0x0000000020000029        0x3 
 COMMON         0x000000002000002c       0x3c Application/User/main.o
                0x000000002000002c                htim2
 COMMON         0x0000000020000068        0x4 Drivers/STM32F4xx_HAL_Driver/stm32f4xx_hal.o
                0x0000000020000068                uwTick
                0x000000002000006c                . = ALIGN (0x4)
                0x000000002000006c                _ebss = .
                0x000000002000006c                __bss_end__ = _ebss

._user_heap_stack
                0x000000002000006c      0x604
                0x0000000020000070                . = ALIGN (0x8)
 *fill*         0x000000002000006c        0x4 
                0x0000000020000070                PROVIDE (end = .)
                [!provide]                        PROVIDE (_end = .)
                0x0000000020000270                . = (. + _Min_Heap_Size)
 *fill*         0x0000000020000070      0x200 
                0x0000000020000670                . = (. + _Min_Stack_Size)
 *fill*         0x0000000020000270      0x400 
                0x0000000020000670                . = ALIGN (0x8)

/DISCARD/
 libc.a(*)
 libm.a(*)
 libgcc.a(*)

.ARM.attributes
                0x0000000000000000       0x30
 *(.ARM.attributes)
 .ARM.attributes
                0x0000000000000000       0x22 /opt/eclipse-cpp/plugins/fr.ac6.mcu.externaltools.arm-none.linux64_1.17.0.201812190825/tools/compiler/bin/../lib/gcc/arm-none-eabi/7.3.1/thumb/v7e-m/fpv4-sp/hard/crti.o
 .ARM.attributes
                0x0000000000000022       0x34 /opt/eclipse-cpp/plugins/fr.ac6.mcu.externaltools.arm-none.linux64_1.17.0.201812190825/tools/compiler/bin/../lib/gcc/arm-none-eabi/7.3.1/thumb/v7e-m/fpv4-sp/hard/crtbegin.o
 .ARM.attributes
                0x0000000000000056       0x21 Application/SW4STM32/startup_stm32f407xx.o
 .ARM.attributes
                0x0000000000000077       0x39 Application/User/main.o
 .ARM.attributes
                0x00000000000000b0       0x39 Application/User/stm32f4xx_hal_msp.o
 .ARM.attributes
                0x00000000000000e9       0x39 Application/User/stm32f4xx_it.o
 .ARM.attributes
                0x0000000000000122       0x39 Drivers/CMSIS/system_stm32f4xx.o
 .ARM.attributes
                0x000000000000015b       0x39 Drivers/STM32F4xx_HAL_Driver/stm32f4xx_hal.o
 .ARM.attributes
                0x0000000000000194       0x39 Drivers/STM32F4xx_HAL_Driver/stm32f4xx_hal_cortex.o
 .ARM.attributes
                0x00000000000001cd       0x39 Drivers/STM32F4xx_HAL_Driver/stm32f4xx_hal_gpio.o
 .ARM.attributes
                0x0000000000000206       0x39 Drivers/STM32F4xx_HAL_Driver/stm32f4xx_hal_rcc.o
 .ARM.attributes
                0x000000000000023f       0x39 Drivers/STM32F4xx_HAL_Driver/stm32f4xx_hal_tim.o
 .ARM.attributes
                0x0000000000000278       0x39 Drivers/STM32F4xx_HAL_Driver/stm32f4xx_hal_tim_ex.o
 .ARM.attributes
                0x00000000000002b1       0x22 /opt/eclipse-cpp/plugins/fr.ac6.mcu.externaltools.arm-none.linux64_1.17.0.201812190825/tools/compiler/bin/../lib/gcc/arm-none-eabi/7.3.1/thumb/v7e-m/fpv4-sp/hard/libgcc.a(_aeabi_uldivmod.o)
 .ARM.attributes
                0x00000000000002d3       0x34 /opt/eclipse-cpp/plugins/fr.ac6.mcu.externaltools.arm-none.linux64_1.17.0.201812190825/tools/compiler/bin/../lib/gcc/arm-none-eabi/7.3.1/thumb/v7e-m/fpv4-sp/hard/libgcc.a(_udivmoddi4.o)
 .ARM.attributes
                0x0000000000000307       0x22 /opt/eclipse-cpp/plugins/fr.ac6.mcu.externaltools.arm-none.linux64_1.17.0.201812190825/tools/compiler/bin/../lib/gcc/arm-none-eabi/7.3.1/thumb/v7e-m/fpv4-sp/hard/libgcc.a(_dvmd_tls.o)
 .ARM.attributes
                0x0000000000000329       0x34 /opt/eclipse-cpp/plugins/fr.ac6.mcu.externaltools.arm-none.linux64_1.17.0.201812190825/tools/compiler/bin/../lib/gcc/arm-none-eabi/7.3.1/../../../../arm-none-eabi/lib/thumb/v7e-m/fpv4-sp/hard/libc_nano.a(lib_a-init.o)
 .ARM.attributes
                0x000000000000035d       0x34 /opt/eclipse-cpp/plugins/fr.ac6.mcu.externaltools.arm-none.linux64_1.17.0.201812190825/tools/compiler/bin/../lib/gcc/arm-none-eabi/7.3.1/../../../../arm-none-eabi/lib/thumb/v7e-m/fpv4-sp/hard/libc_nano.a(lib_a-memset.o)
 .ARM.attributes
                0x0000000000000391       0x22 /opt/eclipse-cpp/plugins/fr.ac6.mcu.externaltools.arm-none.linux64_1.17.0.201812190825/tools/compiler/bin/../lib/gcc/arm-none-eabi/7.3.1/thumb/v7e-m/fpv4-sp/hard/crtn.o
OUTPUT(4.Edge-counter.elf elf32-littlearm)

.debug_line     0x0000000000000000     0x719c
 .debug_line    0x0000000000000000       0xb9 Application/SW4STM32/startup_stm32f407xx.o
 .debug_line    0x00000000000000b9      0x8a7 Application/User/main.o
 .debug_line    0x0000000000000960      0x858 Application/User/stm32f4xx_hal_msp.o
 .debug_line    0x00000000000011b8      0x8bf Application/User/stm32f4xx_it.o
 .debug_line    0x0000000000001a77      0x844 Drivers/CMSIS/system_stm32f4xx.o
 .debug_line    0x00000000000022bb      0x9fa Drivers/STM32F4xx_HAL_Driver/stm32f4xx_hal.o
 .debug_line    0x0000000000002cb5      0xa55 Drivers/STM32F4xx_HAL_Driver/stm32f4xx_hal_cortex.o
 .debug_line    0x000000000000370a      0x99d Drivers/STM32F4xx_HAL_Driver/stm32f4xx_hal_gpio.o
 .debug_line    0x00000000000040a7      0xa91 Drivers/STM32F4xx_HAL_Driver/stm32f4xx_hal_rcc.o
 .debug_line    0x0000000000004b38     0x188f Drivers/STM32F4xx_HAL_Driver/stm32f4xx_hal_tim.o
 .debug_line    0x00000000000063c7      0xdd5 Drivers/STM32F4xx_HAL_Driver/stm32f4xx_hal_tim_ex.o

.debug_info     0x0000000000000000     0xe32c
 .debug_info    0x0000000000000000       0x22 Application/SW4STM32/startup_stm32f407xx.o
 .debug_info    0x0000000000000022     0x15d4 Application/User/main.o
 .debug_info    0x00000000000015f6     0x145d Application/User/stm32f4xx_hal_msp.o
 .debug_info    0x0000000000002a53      0xee0 Application/User/stm32f4xx_it.o
 .debug_info    0x0000000000003933      0xd29 Drivers/CMSIS/system_stm32f4xx.o
 .debug_info    0x000000000000465c     0x11d9 Drivers/STM32F4xx_HAL_Driver/stm32f4xx_hal.o
 .debug_info    0x0000000000005835     0x1755 Drivers/STM32F4xx_HAL_Driver/stm32f4xx_hal_cortex.o
 .debug_info    0x0000000000006f8a      0xf93 Drivers/STM32F4xx_HAL_Driver/stm32f4xx_hal_gpio.o
 .debug_info    0x0000000000007f1d     0x125b Drivers/STM32F4xx_HAL_Driver/stm32f4xx_hal_rcc.o
 .debug_info    0x0000000000009178     0x368f Drivers/STM32F4xx_HAL_Driver/stm32f4xx_hal_tim.o
 .debug_info    0x000000000000c807     0x1b25 Drivers/STM32F4xx_HAL_Driver/stm32f4xx_hal_tim_ex.o

.debug_abbrev   0x0000000000000000     0x1be3
 .debug_abbrev  0x0000000000000000       0x12 Application/SW4STM32/startup_stm32f407xx.o
 .debug_abbrev  0x0000000000000012      0x2d7 Application/User/main.o
 .debug_abbrev  0x00000000000002e9      0x26e Application/User/stm32f4xx_hal_msp.o
 .debug_abbrev  0x0000000000000557      0x232 Application/User/stm32f4xx_it.o
 .debug_abbrev  0x0000000000000789      0x205 Drivers/CMSIS/system_stm32f4xx.o
 .debug_abbrev  0x000000000000098e      0x2e5 Drivers/STM32F4xx_HAL_Driver/stm32f4xx_hal.o
 .debug_abbrev  0x0000000000000c73      0x3d6 Drivers/STM32F4xx_HAL_Driver/stm32f4xx_hal_cortex.o
 .debug_abbrev  0x0000000000001049      0x2a7 Drivers/STM32F4xx_HAL_Driver/stm32f4xx_hal_gpio.o
 .debug_abbrev  0x00000000000012f0      0x333 Drivers/STM32F4xx_HAL_Driver/stm32f4xx_hal_rcc.o
 .debug_abbrev  0x0000000000001623      0x2e0 Drivers/STM32F4xx_HAL_Driver/stm32f4xx_hal_tim.o
 .debug_abbrev  0x0000000000001903      0x2e0 Drivers/STM32F4xx_HAL_Driver/stm32f4xx_hal_tim_ex.o

.debug_aranges  0x0000000000000000      0x840
 .debug_aranges
                0x0000000000000000       0x28 Application/SW4STM32/startup_stm32f407xx.o
 .debug_aranges
                0x0000000000000028       0x48 Application/User/main.o
 .debug_aranges
                0x0000000000000070       0x30 Application/User/stm32f4xx_hal_msp.o
 .debug_aranges
                0x00000000000000a0       0x68 Application/User/stm32f4xx_it.o
 .debug_aranges
                0x0000000000000108       0x28 Drivers/CMSIS/system_stm32f4xx.o
 .debug_aranges
                0x0000000000000130       0xe0 Drivers/STM32F4xx_HAL_Driver/stm32f4xx_hal.o
 .debug_aranges
                0x0000000000000210       0xa8 Drivers/STM32F4xx_HAL_Driver/stm32f4xx_hal_cortex.o
 .debug_aranges
                0x00000000000002b8       0x58 Drivers/STM32F4xx_HAL_Driver/stm32f4xx_hal_gpio.o
 .debug_aranges
                0x0000000000000310       0x88 Drivers/STM32F4xx_HAL_Driver/stm32f4xx_hal_rcc.o
 .debug_aranges
                0x0000000000000398      0x368 Drivers/STM32F4xx_HAL_Driver/stm32f4xx_hal_tim.o
 .debug_aranges
                0x0000000000000700      0x140 Drivers/STM32F4xx_HAL_Driver/stm32f4xx_hal_tim_ex.o

.debug_str      0x0000000000000000    0xc11e0
 .debug_str     0x0000000000000000       0xc3 Application/SW4STM32/startup_stm32f407xx.o
 .debug_str     0x00000000000000c3    0xbea3d Application/User/main.o
                                      0xbedfe (size before relaxing)
 .debug_str     0x00000000000beb00      0x5b3 Application/User/stm32f4xx_hal_msp.o
                                      0xbf028 (size before relaxing)
 .debug_str     0x00000000000bf0b3      0x120 Application/User/stm32f4xx_it.o
                                      0xbe9f1 (size before relaxing)
 .debug_str     0x00000000000bf1d3       0xf8 Drivers/CMSIS/system_stm32f4xx.o
                                      0xbe6a8 (size before relaxing)
 .debug_str     0x00000000000bf2cb      0x636 Drivers/STM32F4xx_HAL_Driver/stm32f4xx_hal.o
                                      0xbf214 (size before relaxing)
 .debug_str     0x00000000000bf901      0x36e Drivers/STM32F4xx_HAL_Driver/stm32f4xx_hal_cortex.o
                                      0xbef56 (size before relaxing)
 .debug_str     0x00000000000bfc6f      0x1ff Drivers/STM32F4xx_HAL_Driver/stm32f4xx_hal_gpio.o
                                      0xbe8e9 (size before relaxing)
 .debug_str     0x00000000000bfe6e      0x25e Drivers/STM32F4xx_HAL_Driver/stm32f4xx_hal_rcc.o
                                      0xbeab3 (size before relaxing)
 .debug_str     0x00000000000c00cc      0xc5a Drivers/STM32F4xx_HAL_Driver/stm32f4xx_hal_tim.o
                                      0xbf6f1 (size before relaxing)
 .debug_str     0x00000000000c0d26      0x4ba Drivers/STM32F4xx_HAL_Driver/stm32f4xx_hal_tim_ex.o
                                      0xbefb1 (size before relaxing)

.debug_ranges   0x0000000000000000      0x810
 .debug_ranges  0x0000000000000000       0x20 Application/SW4STM32/startup_stm32f407xx.o
 .debug_ranges  0x0000000000000020       0x38 Application/User/main.o
 .debug_ranges  0x0000000000000058       0x20 Application/User/stm32f4xx_hal_msp.o
 .debug_ranges  0x0000000000000078       0x58 Application/User/stm32f4xx_it.o
 .debug_ranges  0x00000000000000d0       0x18 Drivers/CMSIS/system_stm32f4xx.o
 .debug_ranges  0x00000000000000e8       0xd0 Drivers/STM32F4xx_HAL_Driver/stm32f4xx_hal.o
 .debug_ranges  0x00000000000001b8       0xf8 Drivers/STM32F4xx_HAL_Driver/stm32f4xx_hal_cortex.o
 .debug_ranges  0x00000000000002b0       0x48 Drivers/STM32F4xx_HAL_Driver/stm32f4xx_hal_gpio.o
 .debug_ranges  0x00000000000002f8       0x90 Drivers/STM32F4xx_HAL_Driver/stm32f4xx_hal_rcc.o
 .debug_ranges  0x0000000000000388      0x358 Drivers/STM32F4xx_HAL_Driver/stm32f4xx_hal_tim.o
 .debug_ranges  0x00000000000006e0      0x130 Drivers/STM32F4xx_HAL_Driver/stm32f4xx_hal_tim_ex.o

.debug_loc      0x0000000000000000     0x5621
 .debug_loc     0x0000000000000000       0x3a Application/User/main.o
 .debug_loc     0x000000000000003a       0x74 Application/User/stm32f4xx_hal_msp.o
 .debug_loc     0x00000000000000ae      0x13e Drivers/CMSIS/system_stm32f4xx.o
 .debug_loc     0x00000000000001ec       0xfd Drivers/STM32F4xx_HAL_Driver/stm32f4xx_hal.o
 .debug_loc     0x00000000000002e9      0x5ce Drivers/STM32F4xx_HAL_Driver/stm32f4xx_hal_cortex.o
 .debug_loc     0x00000000000008b7      0x469 Drivers/STM32F4xx_HAL_Driver/stm32f4xx_hal_gpio.o
 .debug_loc     0x0000000000000d20      0x3f1 Drivers/STM32F4xx_HAL_Driver/stm32f4xx_hal_rcc.o
 .debug_loc     0x0000000000001111     0x3612 Drivers/STM32F4xx_HAL_Driver/stm32f4xx_hal_tim.o
 .debug_loc     0x0000000000004723      0xefe Drivers/STM32F4xx_HAL_Driver/stm32f4xx_hal_tim_ex.o

.debug_macro    0x0000000000000000    0x1f32c
 .debug_macro   0x0000000000000000      0x317 Application/User/main.o
 .debug_macro   0x0000000000000317      0x180 Application/User/main.o
 .debug_macro   0x0000000000000497       0x32 Application/User/main.o
 .debug_macro   0x00000000000004c9       0x2f Application/User/main.o
 .debug_macro   0x00000000000004f8       0x8e Application/User/main.o
 .debug_macro   0x0000000000000586       0x51 Application/User/main.o
 .debug_macro   0x00000000000005d7       0xef Application/User/main.o
 .debug_macro   0x00000000000006c6      0x1df Application/User/main.o
 .debug_macro   0x00000000000008a5       0x35 Application/User/main.o
 .debug_macro   0x00000000000008da       0x50 Application/User/main.o
 .debug_macro   0x000000000000092a      0xe66 Application/User/main.o
 .debug_macro   0x0000000000001790    0x15d08 Application/User/main.o
 .debug_macro   0x0000000000017498       0x43 Application/User/main.o
 .debug_macro   0x00000000000174db     0x3535 Application/User/main.o
 .debug_macro   0x000000000001aa10       0x5e Application/User/main.o
 .debug_macro   0x000000000001aa6e       0x16 Application/User/main.o
 .debug_macro   0x000000000001aa84       0x97 Application/User/main.o
 .debug_macro   0x000000000001ab1b       0xfd Application/User/main.o
 .debug_macro   0x000000000001ac18       0x50 Application/User/main.o
 .debug_macro   0x000000000001ac68      0x96b Application/User/main.o
 .debug_macro   0x000000000001b5d3      0xa02 Application/User/main.o
 .debug_macro   0x000000000001bfd5      0x11e Application/User/main.o
 .debug_macro   0x000000000001c0f3      0x13e Application/User/main.o
 .debug_macro   0x000000000001c231       0x27 Application/User/main.o
 .debug_macro   0x000000000001c258      0x287 Application/User/main.o
 .debug_macro   0x000000000001c4df       0x5f Application/User/main.o
 .debug_macro   0x000000000001c53e      0x23a Application/User/main.o
 .debug_macro   0x000000000001c778      0x133 Application/User/main.o
 .debug_macro   0x000000000001c8ab      0x21e Application/User/main.o
 .debug_macro   0x000000000001cac9       0x2e Application/User/main.o
 .debug_macro   0x000000000001caf7      0x11e Application/User/main.o
 .debug_macro   0x000000000001cc15       0x7f Application/User/main.o
 .debug_macro   0x000000000001cc94       0x89 Application/User/main.o
 .debug_macro   0x000000000001cd1d      0x6e0 Application/User/main.o
 .debug_macro   0x000000000001d3fd       0x59 Application/User/main.o
 .debug_macro   0x000000000001d456      0x14d Application/User/main.o
 .debug_macro   0x000000000001d5a3      0x134 Application/User/main.o
 .debug_macro   0x000000000001d6d7      0x317 Application/User/stm32f4xx_hal_msp.o
 .debug_macro   0x000000000001d9ee      0x321 Application/User/stm32f4xx_it.o
 .debug_macro   0x000000000001dd0f      0x313 Drivers/CMSIS/system_stm32f4xx.o
 .debug_macro   0x000000000001e022      0x36d Drivers/STM32F4xx_HAL_Driver/stm32f4xx_hal.o
 .debug_macro   0x000000000001e38f      0x30d Drivers/STM32F4xx_HAL_Driver/stm32f4xx_hal_cortex.o
 .debug_macro   0x000000000001e69c      0x345 Drivers/STM32F4xx_HAL_Driver/stm32f4xx_hal_gpio.o
 .debug_macro   0x000000000001e9e1      0x331 Drivers/STM32F4xx_HAL_Driver/stm32f4xx_hal_rcc.o
 .debug_macro   0x000000000001ed12      0x30d Drivers/STM32F4xx_HAL_Driver/stm32f4xx_hal_tim.o
 .debug_macro   0x000000000001f01f      0x30d Drivers/STM32F4xx_HAL_Driver/stm32f4xx_hal_tim_ex.o

.comment        0x0000000000000000       0x7f
 .comment       0x0000000000000000       0x7f Application/User/main.o
                                         0x80 (size before relaxing)
 .comment       0x000000000000007f       0x80 Application/User/stm32f4xx_hal_msp.o
 .comment       0x000000000000007f       0x80 Application/User/stm32f4xx_it.o
 .comment       0x000000000000007f       0x80 Drivers/CMSIS/system_stm32f4xx.o
 .comment       0x000000000000007f       0x80 Drivers/STM32F4xx_HAL_Driver/stm32f4xx_hal.o
 .comment       0x000000000000007f       0x80 Drivers/STM32F4xx_HAL_Driver/stm32f4xx_hal_cortex.o
 .comment       0x000000000000007f       0x80 Drivers/STM32F4xx_HAL_Driver/stm32f4xx_hal_gpio.o
 .comment       0x000000000000007f       0x80 Drivers/STM32F4xx_HAL_Driver/stm32f4xx_hal_rcc.o
 .comment       0x000000000000007f       0x80 Drivers/STM32F4xx_HAL_Driver/stm32f4xx_hal_tim.o
 .comment       0x000000000000007f       0x80 Drivers/STM32F4xx_HAL_Driver/stm32f4xx_hal_tim_ex.o

.debug_frame    0x0000000000000000     0x1584
 .debug_frame   0x0000000000000000       0xb0 Application/User/main.o
 .debug_frame   0x00000000000000b0       0x60 Application/User/stm32f4xx_hal_msp.o
 .debug_frame   0x0000000000000110       0xc0 Application/User/stm32f4xx_it.o
 .debug_frame   0x00000000000001d0       0x30 Drivers/CMSIS/system_stm32f4xx.o
 .debug_frame   0x0000000000000200      0x1cc Drivers/STM32F4xx_HAL_Driver/stm32f4xx_hal.o
 .debug_frame   0x00000000000003cc      0x15c Drivers/STM32F4xx_HAL_Driver/stm32f4xx_hal_cortex.o
 .debug_frame   0x0000000000000528       0xd8 Drivers/STM32F4xx_HAL_Driver/stm32f4xx_hal_gpio.o
 .debug_frame   0x0000000000000600      0x184 Drivers/STM32F4xx_HAL_Driver/stm32f4xx_hal_rcc.o
 .debug_frame   0x0000000000000784      0x9d0 Drivers/STM32F4xx_HAL_Driver/stm32f4xx_hal_tim.o
 .debug_frame   0x0000000000001154      0x384 Drivers/STM32F4xx_HAL_Driver/stm32f4xx_hal_tim_ex.o
 .debug_frame   0x00000000000014d8       0x2c /opt/eclipse-cpp/plugins/fr.ac6.mcu.externaltools.arm-none.linux64_1.17.0.201812190825/tools/compiler/bin/../lib/gcc/arm-none-eabi/7.3.1/thumb/v7e-m/fpv4-sp/hard/libgcc.a(_aeabi_uldivmod.o)
 .debug_frame   0x0000000000001504       0x34 /opt/eclipse-cpp/plugins/fr.ac6.mcu.externaltools.arm-none.linux64_1.17.0.201812190825/tools/compiler/bin/../lib/gcc/arm-none-eabi/7.3.1/thumb/v7e-m/fpv4-sp/hard/libgcc.a(_udivmoddi4.o)
 .debug_frame   0x0000000000001538       0x2c /opt/eclipse-cpp/plugins/fr.ac6.mcu.externaltools.arm-none.linux64_1.17.0.201812190825/tools/compiler/bin/../lib/gcc/arm-none-eabi/7.3.1/../../../../arm-none-eabi/lib/thumb/v7e-m/fpv4-sp/hard/libc_nano.a(lib_a-init.o)
 .debug_frame   0x0000000000001564       0x20 /opt/eclipse-cpp/plugins/fr.ac6.mcu.externaltools.arm-none.linux64_1.17.0.201812190825/tools/compiler/bin/../lib/gcc/arm-none-eabi/7.3.1/../../../../arm-none-eabi/lib/thumb/v7e-m/fpv4-sp/hard/libc_nano.a(lib_a-memset.o)
